ELF ヘッダ:
  マジック:   7f 45 4c 46 01 02 01 00 00 00 00 00 00 00 00 00 
  クラス:                            ELF32
  データ:                            2 の補数、ビッグエンディアン
  バージョン:                        1 (current)
  OS/ABI:                            UNIX - System V
  ABI バージョン:                    0
  型:                                EXEC (実行可能ファイル)
  マシン:                            Renesas H8/300
  バージョン:                        0x1
  エントリポイントアドレス:               0x400100
  プログラムの開始ヘッダ:          52 (バイト)
  セクションヘッダ始点:          24952 (バイト)
  フラグ:                            0x810000
  このヘッダのサイズ:                52 (バイト)
  プログラムヘッダサイズ:            32 (バイト)
  プログラムヘッダ数:                2
  セクションヘッダ:                  40 (バイト)
  セクションヘッダサイズ:            9
  セクションヘッダ文字列表索引:      6

セクションヘッダ:
  [番] 名前              タイプ          アドレス Off    サイズ ES Flg Lk Inf Al
  [ 0]                   NULL            00000000 000000 000000 00      0   0  0
  [ 1] .text             PROGBITS        00400100 000074 005e90 00  AX  0   0  2
  [ 2] .rodata           PROGBITS        00405f90 005f04 0001dc 00   A  0   0  4
  [ 3] .data             PROGBITS        0040616c 0060e0 00003c 00  WA  0   0  4
  [ 4] .bss              NOBITS          004061a8 00611c 000274 00  WA  0   0  4
  [ 5] .comment          PROGBITS        00000000 00611c 00001c 01  MS  0   0  1
  [ 6] .shstrtab         STRTAB          00000000 006138 00003d 00      0   0  1
  [ 7] .symtab           SYMTAB          00000000 0062e0 002810 10      8 540  4
  [ 8] .strtab           STRTAB          00000000 008af0 000b5f 00      0   0  1
フラグのキー:
  W (write), A (alloc), X (実行), M (merge), S (文字列)
  I (情報), L (リンク順), G (グループ), T (TLS), E (排他), x (不明)
  O (追加の OS 処理が必要) o (OS 固有), p (プロセッサ固有)

このファイルにはセクショングループがありません。

プログラムヘッダ:
  タイプ       オフセット 仮想Addr   物理Addr   FileSiz MemSiz  Flg Align
  LOAD           0x000000 0x0040008c 0x0040008c 0x060e0 0x060e0 R E 0x1
  LOAD           0x0060e0 0x0040616c 0x0040616c 0x0003c 0x002b0 RW  0x1

 セグメントマッピングへのセクション:
  セグメントセクション...
   00     .text .rodata 
   01     .data .bss 

このファイルには動的セクションがありません。

このファイルには再配置されるものがありません。

The decoding of unwind sections for machine type Renesas H8/300 is not currently supported.

シンボルテーブル '.symtab' は 641 個のエントリから構成されています:
   番号:      値 サイズ タイプ  Bind   Vis      索引名
     0: 00000000     0 NOTYPE  LOCAL  DEFAULT  UND 
     1: 00400100     0 SECTION LOCAL  DEFAULT    1 
     2: 00405f90     0 SECTION LOCAL  DEFAULT    2 
     3: 0040616c     0 SECTION LOCAL  DEFAULT    3 
     4: 004061a8     0 SECTION LOCAL  DEFAULT    4 
     5: 00000000     0 SECTION LOCAL  DEFAULT    5 
     6: 0040010a     0 NOTYPE  LOCAL  DEFAULT    1 .L1^B1
     7: 00000000     0 FILE    LOCAL  DEFAULT  ABS main.c
     8: 004001a4   162 NOTYPE  LOCAL  DEFAULT    1 _startThreads
     9: 00405f90     0 NOTYPE  LOCAL  DEFAULT    2 .LC0
    10: 00405fa5     0 NOTYPE  LOCAL  DEFAULT    2 .LC1
    11: 00405faa     0 NOTYPE  LOCAL  DEFAULT    2 .LC2
    12: 00405fb8     0 NOTYPE  LOCAL  DEFAULT    2 .LC3
    13: 00405fc0     0 NOTYPE  LOCAL  DEFAULT    2 .LC4
    14: 00400242     0 NOTYPE  LOCAL  DEFAULT    1 .L4
    15: 00000000     0 FILE    LOCAL  DEFAULT  ABS kozos.c
    16: 004061a8   128 OBJECT  LOCAL  DEFAULT    4 _s_readyQ
    17: 00406228     4 OBJECT  LOCAL  DEFAULT    4 _s_pCurrentThread
    18: 0040622c   384 OBJECT  LOCAL  DEFAULT    4 _s_threads
    19: 004063ac    12 OBJECT  LOCAL  DEFAULT    4 _s_ppHandlers
    20: 004063b8    32 OBJECT  LOCAL  DEFAULT    4 _s_msgBoxes
    21: 00401064    46 NOTYPE  LOCAL  DEFAULT    1 _syscallIntr
    22: 00400d08    82 NOTYPE  LOCAL  DEFAULT    1 _threadSetIntr
    23: 00401092    46 NOTYPE  LOCAL  DEFAULT    1 _softerrIntr
    24: 004005ee   690 NOTYPE  LOCAL  DEFAULT    1 _threadRun
    25: 00400fb2    60 NOTYPE  LOCAL  DEFAULT    1 _srvcallProc
    26: 004003c4   220 NOTYPE  LOCAL  DEFAULT    1 _getCurrentThread
    27: 004004a0   252 NOTYPE  LOCAL  DEFAULT    1 _putCurrentThread
    28: 0040059c    16 NOTYPE  LOCAL  DEFAULT    1 _threadEnd
    29: 004005ac    66 NOTYPE  LOCAL  DEFAULT    1 _threadInit
    30: 0040616c     4 OBJECT  LOCAL  DEFAULT    3 _pThreadStack___1258
    31: 004008a0    62 NOTYPE  LOCAL  DEFAULT    1 _threadExit
    32: 004008de    20 NOTYPE  LOCAL  DEFAULT    1 _threadWait
    33: 004008f2    16 NOTYPE  LOCAL  DEFAULT    1 _threadSleep
    34: 00400902    48 NOTYPE  LOCAL  DEFAULT    1 _threadWakeup
    35: 00400932    26 NOTYPE  LOCAL  DEFAULT    1 _threadGetId
    36: 0040094c    76 NOTYPE  LOCAL  DEFAULT    1 _threadChgPri
    37: 00400998    38 NOTYPE  LOCAL  DEFAULT    1 _threadMalloc
    38: 004009be    42 NOTYPE  LOCAL  DEFAULT    1 _threadMfree
    39: 004009e8   208 NOTYPE  LOCAL  DEFAULT    1 _sendMsg
    40: 00400ab8   270 NOTYPE  LOCAL  DEFAULT    1 _recvMsg
    41: 00400bc6   160 NOTYPE  LOCAL  DEFAULT    1 _threadSendMsg
    42: 00400c66   162 NOTYPE  LOCAL  DEFAULT    1 _threadRecvMsg
    43: 004010c0   122 NOTYPE  LOCAL  DEFAULT    1 _threadIntr
    44: 00400d5a   546 NOTYPE  LOCAL  DEFAULT    1 _callFunctions
    45: 00400f7c    54 NOTYPE  LOCAL  DEFAULT    1 _syscallProc
    46: 00400fee   118 NOTYPE  LOCAL  DEFAULT    1 _schedule
    47: 00405fc8     0 NOTYPE  LOCAL  DEFAULT    2 .LC0
    48: 0040034a     0 NOTYPE  LOCAL  DEFAULT    1 .L3
    49: 004003de     0 NOTYPE  LOCAL  DEFAULT    1 .L7
    50: 00400498     0 NOTYPE  LOCAL  DEFAULT    1 .L8
    51: 004003fe     0 NOTYPE  LOCAL  DEFAULT    1 .L9
    52: 0040046a     0 NOTYPE  LOCAL  DEFAULT    1 .L10
    53: 004004ba     0 NOTYPE  LOCAL  DEFAULT    1 .L12
    54: 00400594     0 NOTYPE  LOCAL  DEFAULT    1 .L13
    55: 004004da     0 NOTYPE  LOCAL  DEFAULT    1 .L14
    56: 00400528     0 NOTYPE  LOCAL  DEFAULT    1 .L15
    57: 0040054e     0 NOTYPE  LOCAL  DEFAULT    1 .L16
    58: 00400626     0 NOTYPE  LOCAL  DEFAULT    1 .L20
    59: 00400892     0 NOTYPE  LOCAL  DEFAULT    1 .L21
    60: 00400662     0 NOTYPE  LOCAL  DEFAULT    1 .L22
    61: 00400636     0 NOTYPE  LOCAL  DEFAULT    1 .Llt8
    62: 0040066e     0 NOTYPE  LOCAL  DEFAULT    1 .L29
    63: 0040062e     0 NOTYPE  LOCAL  DEFAULT    1 .L25
    64: 00400670     0 NOTYPE  LOCAL  DEFAULT    1 .L24
    65: 00400682     0 NOTYPE  LOCAL  DEFAULT    1 .L26
    66: 00400794     0 NOTYPE  LOCAL  DEFAULT    1 .L27
    67: 0040079e     0 NOTYPE  LOCAL  DEFAULT    1 .L28
    68: 00405fd7     0 NOTYPE  LOCAL  DEFAULT    2 .LC1
    69: 00400984     0 NOTYPE  LOCAL  DEFAULT    1 .L41
    70: 00400a20     0 NOTYPE  LOCAL  DEFAULT    1 .L48
    71: 00400a86     0 NOTYPE  LOCAL  DEFAULT    1 .L49
    72: 00400a98     0 NOTYPE  LOCAL  DEFAULT    1 .L50
    73: 00400b10     0 NOTYPE  LOCAL  DEFAULT    1 .L53
    74: 00400b74     0 NOTYPE  LOCAL  DEFAULT    1 .L54
    75: 00400ba0     0 NOTYPE  LOCAL  DEFAULT    1 .L55
    76: 00400c54     0 NOTYPE  LOCAL  DEFAULT    1 .L58
    77: 00400cae     0 NOTYPE  LOCAL  DEFAULT    1 .L61
    78: 00400cd6     0 NOTYPE  LOCAL  DEFAULT    1 .L62
    79: 00400cfa     0 NOTYPE  LOCAL  DEFAULT    1 .L63
    80: 00400f68     0 NOTYPE  LOCAL  DEFAULT    1 .L82
    81: 00405fe4     0 NOTYPE  LOCAL  DEFAULT    2 .L80
    82: 00400f6a     0 NOTYPE  LOCAL  DEFAULT    1 .L66
    83: 00401022     0 NOTYPE  LOCAL  DEFAULT    1 .L86
    84: 0040102e     0 NOTYPE  LOCAL  DEFAULT    1 .L91
    85: 00400ffe     0 NOTYPE  LOCAL  DEFAULT    1 .L89
    86: 00401030     0 NOTYPE  LOCAL  DEFAULT    1 .L88
    87: 0040103e     0 NOTYPE  LOCAL  DEFAULT    1 .L90
    88: 00406014     0 NOTYPE  LOCAL  DEFAULT    2 .LC2
    89: 00401118     0 NOTYPE  LOCAL  DEFAULT    1 .L95
    90: 00400d9a     0 NOTYPE  LOCAL  DEFAULT    1 .L68
    91: 00400e12     0 NOTYPE  LOCAL  DEFAULT    1 .L69
    92: 00400e1a     0 NOTYPE  LOCAL  DEFAULT    1 .L70
    93: 00400e2c     0 NOTYPE  LOCAL  DEFAULT    1 .L71
    94: 00400e3e     0 NOTYPE  LOCAL  DEFAULT    1 .L72
    95: 00400e5e     0 NOTYPE  LOCAL  DEFAULT    1 .L73
    96: 00400e74     0 NOTYPE  LOCAL  DEFAULT    1 .L74
    97: 00400e92     0 NOTYPE  LOCAL  DEFAULT    1 .L75
    98: 00400eb2     0 NOTYPE  LOCAL  DEFAULT    1 .L76
    99: 00400ed2     0 NOTYPE  LOCAL  DEFAULT    1 .L77
   100: 00400f06     0 NOTYPE  LOCAL  DEFAULT    1 .L78
   101: 00400f3e     0 NOTYPE  LOCAL  DEFAULT    1 .L79
   102: 00000000     0 FILE    LOCAL  DEFAULT  ABS syscall.c
   103: 00000000     0 FILE    LOCAL  DEFAULT  ABS consdrv.c
   104: 004063d8    32 OBJECT  LOCAL  DEFAULT    4 _s_consReg
   105: 004019de    32 NOTYPE  LOCAL  DEFAULT    1 _consdrvInit
   106: 00401948   150 NOTYPE  LOCAL  DEFAULT    1 _consdrvIntr
   107: 004019fe   240 NOTYPE  LOCAL  DEFAULT    1 _consdrvCommand
   108: 0040163c   204 NOTYPE  LOCAL  DEFAULT    1 _sendChar
   109: 00401708   204 NOTYPE  LOCAL  DEFAULT    1 _sendString
   110: 004017d4   372 NOTYPE  LOCAL  DEFAULT    1 _consdrvIntrProc
   111: 004015fa     0 NOTYPE  LOCAL  DEFAULT    1 .Llt1
   112: 004015ae     0 NOTYPE  LOCAL  DEFAULT    1 .L2
   113: 00401692     0 NOTYPE  LOCAL  DEFAULT    1 .L4
   114: 004016ea     0 NOTYPE  LOCAL  DEFAULT    1 .L5
   115: 004016b2     0 NOTYPE  LOCAL  DEFAULT    1 .L6
   116: 0040177a     0 NOTYPE  LOCAL  DEFAULT    1 .L9
   117: 0040172c     0 NOTYPE  LOCAL  DEFAULT    1 .L10
   118: 004017c6     0 NOTYPE  LOCAL  DEFAULT    1 .L13
   119: 004018e6     0 NOTYPE  LOCAL  DEFAULT    1 .L15
   120: 00401824     0 NOTYPE  LOCAL  DEFAULT    1 .L16
   121: 0040188e     0 NOTYPE  LOCAL  DEFAULT    1 .L17
   122: 00401938     0 NOTYPE  LOCAL  DEFAULT    1 .L18
   123: 0040191a     0 NOTYPE  LOCAL  DEFAULT    1 .L19
   124: 0040192c     0 NOTYPE  LOCAL  DEFAULT    1 .L20
   125: 004019ca     0 NOTYPE  LOCAL  DEFAULT    1 .L23
   126: 00401964     0 NOTYPE  LOCAL  DEFAULT    1 .Llt2
   127: 004019c0     0 NOTYPE  LOCAL  DEFAULT    1 .L24
   128: 004019b4     0 NOTYPE  LOCAL  DEFAULT    1 .L25
   129: 0040195c     0 NOTYPE  LOCAL  DEFAULT    1 .L26
   130: 00401a36     0 NOTYPE  LOCAL  DEFAULT    1 .L32
   131: 00401ab8     0 NOTYPE  LOCAL  DEFAULT    1 .L33
   132: 00401adc     0 NOTYPE  LOCAL  DEFAULT    1 .L36
   133: 00401ade     0 NOTYPE  LOCAL  DEFAULT    1 .L34
   134: 00000000     0 FILE    LOCAL  DEFAULT  ABS lib.c
   135: 00401b24     0 NOTYPE  LOCAL  DEFAULT    1 .L2
   136: 00401b66     0 NOTYPE  LOCAL  DEFAULT    1 .L3
   137: 00401b52     0 NOTYPE  LOCAL  DEFAULT    1 .L4
   138: 00401b2c     0 NOTYPE  LOCAL  DEFAULT    1 .L5
   139: 00401be8     0 NOTYPE  LOCAL  DEFAULT    1 .L7
   140: 00401bb2     0 NOTYPE  LOCAL  DEFAULT    1 .L8
   141: 00401c8a     0 NOTYPE  LOCAL  DEFAULT    1 .L11
   142: 00401c64     0 NOTYPE  LOCAL  DEFAULT    1 .L12
   143: 00401ca0     0 NOTYPE  LOCAL  DEFAULT    1 .L13
   144: 00401c4c     0 NOTYPE  LOCAL  DEFAULT    1 .L14
   145: 00401cec     0 NOTYPE  LOCAL  DEFAULT    1 .L16
   146: 00401cd4     0 NOTYPE  LOCAL  DEFAULT    1 .L17
   147: 00401d68     0 NOTYPE  LOCAL  DEFAULT    1 .L20
   148: 00401d3c     0 NOTYPE  LOCAL  DEFAULT    1 .L21
   149: 00401dec     0 NOTYPE  LOCAL  DEFAULT    1 .L24
   150: 00401e18     0 NOTYPE  LOCAL  DEFAULT    1 .L25
   151: 00401e16     0 NOTYPE  LOCAL  DEFAULT    1 .L29
   152: 00401dd0     0 NOTYPE  LOCAL  DEFAULT    1 .L27
   153: 00401ebc     0 NOTYPE  LOCAL  DEFAULT    1 .L31
   154: 00401e8a     0 NOTYPE  LOCAL  DEFAULT    1 .L32
   155: 00401ecc     0 NOTYPE  LOCAL  DEFAULT    1 .L33
   156: 00401eca     0 NOTYPE  LOCAL  DEFAULT    1 .L37
   157: 00401e6e     0 NOTYPE  LOCAL  DEFAULT    1 .L35
   158: 00401f14     0 NOTYPE  LOCAL  DEFAULT    1 .L39
   159: 00401f26     0 NOTYPE  LOCAL  DEFAULT    1 .L40
   160: 00401f72     0 NOTYPE  LOCAL  DEFAULT    1 .L43
   161: 00401f56     0 NOTYPE  LOCAL  DEFAULT    1 .L44
   162: 00401fae     0 NOTYPE  LOCAL  DEFAULT    1 .L47
   163: 00401ff4     0 NOTYPE  LOCAL  DEFAULT    1 .L50
   164: 00401fde     0 NOTYPE  LOCAL  DEFAULT    1 .L51
   165: 0040601c     0 NOTYPE  LOCAL  DEFAULT    2 .LC0
   166: 004020f4     0 NOTYPE  LOCAL  DEFAULT    1 .L54
   167: 00402098     0 NOTYPE  LOCAL  DEFAULT    1 .L55
   168: 0040218e     0 NOTYPE  LOCAL  DEFAULT    1 .L56
   169: 00402164     0 NOTYPE  LOCAL  DEFAULT    1 .L57
   170: 0040212e     0 NOTYPE  LOCAL  DEFAULT    1 .L58
   171: 00402248     0 NOTYPE  LOCAL  DEFAULT    1 .L59
   172: 004021b6     0 NOTYPE  LOCAL  DEFAULT    1 .L60
   173: 004021c2     0 NOTYPE  LOCAL  DEFAULT    1 .L70
   174: 00402196     0 NOTYPE  LOCAL  DEFAULT    1 .L63
   175: 004021c4     0 NOTYPE  LOCAL  DEFAULT    1 .L62
   176: 004021dc     0 NOTYPE  LOCAL  DEFAULT    1 .L64
   177: 00402222     0 NOTYPE  LOCAL  DEFAULT    1 .L65
   178: 004021ec     0 NOTYPE  LOCAL  DEFAULT    1 .L66
   179: 00402262     0 NOTYPE  LOCAL  DEFAULT    1 .L67
   180: 00402270     0 NOTYPE  LOCAL  DEFAULT    1 .L68
   181: 004022b2     0 NOTYPE  LOCAL  DEFAULT    1 .L72
   182: 004023fc     0 NOTYPE  LOCAL  DEFAULT    1 .L73
   183: 004022c4     0 NOTYPE  LOCAL  DEFAULT    1 .L74
   184: 004022cc     0 NOTYPE  LOCAL  DEFAULT    1 .L75
   185: 004023e2     0 NOTYPE  LOCAL  DEFAULT    1 .L76
   186: 0040231e     0 NOTYPE  LOCAL  DEFAULT    1 .L77
   187: 004023ac     0 NOTYPE  LOCAL  DEFAULT    1 .L78
   188: 00402362     0 NOTYPE  LOCAL  DEFAULT    1 .L79
   189: 004023a6     0 NOTYPE  LOCAL  DEFAULT    1 .L80
   190: 004022d8     0 NOTYPE  LOCAL  DEFAULT    1 .L81
   191: 0040242c     0 NOTYPE  LOCAL  DEFAULT    1 .L83
   192: 0040242e     0 NOTYPE  LOCAL  DEFAULT    1 .L84
   193: 00000000     0 FILE    LOCAL  DEFAULT  ABS serial.c
   194: 004024f0     0 NOTYPE  LOCAL  DEFAULT    1 .L4
   195: 0040254e     0 NOTYPE  LOCAL  DEFAULT    1 .L7
   196: 00402590     0 NOTYPE  LOCAL  DEFAULT    1 .L10
   197: 00402600     0 NOTYPE  LOCAL  DEFAULT    1 .L13
   198: 0040268e     0 NOTYPE  LOCAL  DEFAULT    1 .L16
   199: 00402784     0 NOTYPE  LOCAL  DEFAULT    1 .L21
   200: 00000000     0 FILE    LOCAL  DEFAULT  ABS interrupt.c
   201: 00402854     0 NOTYPE  LOCAL  DEFAULT    1 .L2
   202: 0040283e     0 NOTYPE  LOCAL  DEFAULT    1 .L3
   203: 004028f8     0 NOTYPE  LOCAL  DEFAULT    1 .L7
   204: 00000000     0 FILE    LOCAL  DEFAULT  ABS dram.c
   205: 00402a64     0 NOTYPE  LOCAL  DEFAULT    1 .L4
   206: 004029bc     0 NOTYPE  LOCAL  DEFAULT    1 .L5
   207: 0040602d     0 NOTYPE  LOCAL  DEFAULT    2 .LC0
   208: 00406030     0 NOTYPE  LOCAL  DEFAULT    2 .LC1
   209: 00406033     0 NOTYPE  LOCAL  DEFAULT    2 .LC2
   210: 00402998     0 NOTYPE  LOCAL  DEFAULT    1 .L6
   211: 00402ad4     0 NOTYPE  LOCAL  DEFAULT    1 .L8
   212: 00402ab0     0 NOTYPE  LOCAL  DEFAULT    1 .L9
   213: 00000000     0 FILE    LOCAL  DEFAULT  ABS memory.c
   214: 0040617c    24 OBJECT  LOCAL  DEFAULT    3 _s_Pool
   215: 00402d50   218 NOTYPE  LOCAL  DEFAULT    1 _memPoolInit
   216: 00406194     4 OBJECT  LOCAL  DEFAULT    3 _pcArea___1142
   217: 00402bae     0 NOTYPE  LOCAL  DEFAULT    1 .L2
   218: 00402b8c     0 NOTYPE  LOCAL  DEFAULT    1 .L3
   219: 00402c78     0 NOTYPE  LOCAL  DEFAULT    1 .L6
   220: 00402c6e     0 NOTYPE  LOCAL  DEFAULT    1 .L7
   221: 00402c28     0 NOTYPE  LOCAL  DEFAULT    1 .L8
   222: 00402c8a     0 NOTYPE  LOCAL  DEFAULT    1 .L9
   223: 00402bde     0 NOTYPE  LOCAL  DEFAULT    1 .L10
   224: 00402d40     0 NOTYPE  LOCAL  DEFAULT    1 .L12
   225: 00402d36     0 NOTYPE  LOCAL  DEFAULT    1 .L13
   226: 00402d2c     0 NOTYPE  LOCAL  DEFAULT    1 .L14
   227: 00402d44     0 NOTYPE  LOCAL  DEFAULT    1 .L11
   228: 00402cd4     0 NOTYPE  LOCAL  DEFAULT    1 .L16
   229: 00402e06     0 NOTYPE  LOCAL  DEFAULT    1 .L18
   230: 00402d88     0 NOTYPE  LOCAL  DEFAULT    1 .L19
   231: 00000000     0 FILE    LOCAL  DEFAULT  ABS command.c
   232: 004063f8     4 OBJECT  LOCAL  DEFAULT    4 _pFuncEntry
   233: 00402e2a    98 NOTYPE  LOCAL  DEFAULT    1 _sendUse
   234: 00402e8c   140 NOTYPE  LOCAL  DEFAULT    1 _sendWrite
   235: 00406035     0 NOTYPE  LOCAL  DEFAULT    2 .LC0
   236: 0040603b     0 NOTYPE  LOCAL  DEFAULT    2 .LC1
   237: 00402f9e     0 NOTYPE  LOCAL  DEFAULT    1 .L6
   238: 00406040     0 NOTYPE  LOCAL  DEFAULT    2 .LC2
   239: 0040301c     0 NOTYPE  LOCAL  DEFAULT    1 .L7
   240: 00406042     0 NOTYPE  LOCAL  DEFAULT    2 .LC3
   241: 00402fc2     0 NOTYPE  LOCAL  DEFAULT    1 .L8
   242: 00406046     0 NOTYPE  LOCAL  DEFAULT    2 .LC4
   243: 00403012     0 NOTYPE  LOCAL  DEFAULT    1 .L9
   244: 0040604b     0 NOTYPE  LOCAL  DEFAULT    2 .LC5
   245: 00402f36     0 NOTYPE  LOCAL  DEFAULT    1 .L10
   246: 00000000     0 FILE    LOCAL  DEFAULT  ABS print.c
   247: 00406055    17 OBJECT  LOCAL  DEFAULT    2 _hextbl
   248: 0040365e   108 NOTYPE  LOCAL  DEFAULT    1 _outchar
   249: 004036ca   366 NOTYPE  LOCAL  DEFAULT    1 _outstring
   250: 00403838    96 NOTYPE  LOCAL  DEFAULT    1 _out_space
   251: 00403898   268 NOTYPE  LOCAL  DEFAULT    1 _input_number
   252: 004039a4   696 NOTYPE  LOCAL  DEFAULT    1 _number
   253: 00403c5c   212 NOTYPE  LOCAL  DEFAULT    1 _decimal
   254: 00403d30   520 NOTYPE  LOCAL  DEFAULT    1 _hex
   255: 00403086     0 NOTYPE  LOCAL  DEFAULT    1 .L2
   256: 00403064     0 NOTYPE  LOCAL  DEFAULT    1 .L3
   257: 00406066     0 NOTYPE  LOCAL  DEFAULT    2 .LC0
   258: 004030c4     0 NOTYPE  LOCAL  DEFAULT    1 .L4
   259: 004030aa     0 NOTYPE  LOCAL  DEFAULT    1 .L5
   260: 0040313c     0 NOTYPE  LOCAL  DEFAULT    1 .L7
   261: 00403110     0 NOTYPE  LOCAL  DEFAULT    1 .L8
   262: 004031c4     0 NOTYPE  LOCAL  DEFAULT    1 .L10
   263: 00403198     0 NOTYPE  LOCAL  DEFAULT    1 .L11
   264: 0040320e     0 NOTYPE  LOCAL  DEFAULT    1 .L22
   265: 004033e4     0 NOTYPE  LOCAL  DEFAULT    1 .L25
   266: 004033ea     0 NOTYPE  LOCAL  DEFAULT    1 .L26
   267: 0040328e     0 NOTYPE  LOCAL  DEFAULT    1 .L17
   268: 004033e6     0 NOTYPE  LOCAL  DEFAULT    1 .L14
   269: 004032da     0 NOTYPE  LOCAL  DEFAULT    1 .L18
   270: 00403342     0 NOTYPE  LOCAL  DEFAULT    1 .L19
   271: 0040338c     0 NOTYPE  LOCAL  DEFAULT    1 .L20
   272: 0040320c     0 NOTYPE  LOCAL  DEFAULT    1 .L27
   273: 004033ae     0 NOTYPE  LOCAL  DEFAULT    1 .L21
   274: 0040343c     0 NOTYPE  LOCAL  DEFAULT    1 .L29
   275: 00403432     0 NOTYPE  LOCAL  DEFAULT    1 .L30
   276: 00403502     0 NOTYPE  LOCAL  DEFAULT    1 .L31
   277: 004034a6     0 NOTYPE  LOCAL  DEFAULT    1 .L32
   278: 004034f8     0 NOTYPE  LOCAL  DEFAULT    1 .L33
   279: 004034cc     0 NOTYPE  LOCAL  DEFAULT    1 .L34
   280: 004034f2     0 NOTYPE  LOCAL  DEFAULT    1 .L35
   281: 00403530     0 NOTYPE  LOCAL  DEFAULT    1 .L36
   282: 0040352c     0 NOTYPE  LOCAL  DEFAULT    1 .L37
   283: 0040345c     0 NOTYPE  LOCAL  DEFAULT    1 .L38
   284: 0040356a     0 NOTYPE  LOCAL  DEFAULT    1 .L40
   285: 00403560     0 NOTYPE  LOCAL  DEFAULT    1 .L41
   286: 00403602     0 NOTYPE  LOCAL  DEFAULT    1 .L49
   287: 004035fc     0 NOTYPE  LOCAL  DEFAULT    1 .L44
   288: 00403604     0 NOTYPE  LOCAL  DEFAULT    1 .L43
   289: 00403650     0 NOTYPE  LOCAL  DEFAULT    1 .L45
   290: 0040362e     0 NOTYPE  LOCAL  DEFAULT    1 .L46
   291: 004035a6     0 NOTYPE  LOCAL  DEFAULT    1 .L47
   292: 0040364c     0 NOTYPE  LOCAL  DEFAULT    1 .L48
   293: 00403696     0 NOTYPE  LOCAL  DEFAULT    1 .L51
   294: 004036b8     0 NOTYPE  LOCAL  DEFAULT    1 .L52
   295: 00403748     0 NOTYPE  LOCAL  DEFAULT    1 .L55
   296: 0040373c     0 NOTYPE  LOCAL  DEFAULT    1 .L56
   297: 0040371c     0 NOTYPE  LOCAL  DEFAULT    1 .L57
   298: 0040377c     0 NOTYPE  LOCAL  DEFAULT    1 .L58
   299: 0040379e     0 NOTYPE  LOCAL  DEFAULT    1 .L59
   300: 004037ce     0 NOTYPE  LOCAL  DEFAULT    1 .L60
   301: 00403826     0 NOTYPE  LOCAL  DEFAULT    1 .L61
   302: 0040381a     0 NOTYPE  LOCAL  DEFAULT    1 .L62
   303: 004037fa     0 NOTYPE  LOCAL  DEFAULT    1 .L63
   304: 00403878     0 NOTYPE  LOCAL  DEFAULT    1 .L66
   305: 0040388c     0 NOTYPE  LOCAL  DEFAULT    1 .L67
   306: 004038fa     0 NOTYPE  LOCAL  DEFAULT    1 .L69
   307: 00406068     0 NOTYPE  LOCAL  DEFAULT    2 .LC1
   308: 0040395c     0 NOTYPE  LOCAL  DEFAULT    1 .L70
   309: 00403914     0 NOTYPE  LOCAL  DEFAULT    1 .L71
   310: 0040390a     0 NOTYPE  LOCAL  DEFAULT    1 .L72
   311: 00403948     0 NOTYPE  LOCAL  DEFAULT    1 .L73
   312: 0040393e     0 NOTYPE  LOCAL  DEFAULT    1 .L74
   313: 0040397c     0 NOTYPE  LOCAL  DEFAULT    1 .L75
   314: 00403992     0 NOTYPE  LOCAL  DEFAULT    1 .L76
   315: 00403a0c     0 NOTYPE  LOCAL  DEFAULT    1 .L79
   316: 00403c4e     0 NOTYPE  LOCAL  DEFAULT    1 .L80
   317: 00403a7e     0 NOTYPE  LOCAL  DEFAULT    1 .L81
   318: 00403a8a     0 NOTYPE  LOCAL  DEFAULT    1 .L95
   319: 00403a36     0 NOTYPE  LOCAL  DEFAULT    1 .L84
   320: 00403a8c     0 NOTYPE  LOCAL  DEFAULT    1 .L83
   321: 00403ada     0 NOTYPE  LOCAL  DEFAULT    1 .L85
   322: 00403ace     0 NOTYPE  LOCAL  DEFAULT    1 .L86
   323: 00403aaa     0 NOTYPE  LOCAL  DEFAULT    1 .L87
   324: 00403ba4     0 NOTYPE  LOCAL  DEFAULT    1 .L88
   325: 00403b4e     0 NOTYPE  LOCAL  DEFAULT    1 .L89
   326: 00403b7c     0 NOTYPE  LOCAL  DEFAULT    1 .L90
   327: 00403aec     0 NOTYPE  LOCAL  DEFAULT    1 .L91
   328: 00403c4a     0 NOTYPE  LOCAL  DEFAULT    1 .L92
   329: 00403c3e     0 NOTYPE  LOCAL  DEFAULT    1 .L93
   330: 00403c1a     0 NOTYPE  LOCAL  DEFAULT    1 .L94
   331: 00403cc2     0 NOTYPE  LOCAL  DEFAULT    1 .L97
   332: 00403d22     0 NOTYPE  LOCAL  DEFAULT    1 .L98
   333: 00403cfa     0 NOTYPE  LOCAL  DEFAULT    1 .L99
   334: 00403d9a     0 NOTYPE  LOCAL  DEFAULT    1 .L101
   335: 00403f2a     0 NOTYPE  LOCAL  DEFAULT    1 .L102
   336: 00403de2     0 NOTYPE  LOCAL  DEFAULT    1 .L103
   337: 00403dec     0 NOTYPE  LOCAL  DEFAULT    1 .L118
   338: 00403dbc     0 NOTYPE  LOCAL  DEFAULT    1 .L106
   339: 00403dee     0 NOTYPE  LOCAL  DEFAULT    1 .L105
   340: 00403e48     0 NOTYPE  LOCAL  DEFAULT    1 .L107
   341: 00403e3c     0 NOTYPE  LOCAL  DEFAULT    1 .L108
   342: 00403e18     0 NOTYPE  LOCAL  DEFAULT    1 .L109
   343: 00403ed0     0 NOTYPE  LOCAL  DEFAULT    1 .L110
   344: 00403e70     0 NOTYPE  LOCAL  DEFAULT    1 .L120
   345: 00403e68     0 NOTYPE  LOCAL  DEFAULT    1 .L119
   346: 00403e88     0 NOTYPE  LOCAL  DEFAULT    1 .L111
   347: 00403ea2     0 NOTYPE  LOCAL  DEFAULT    1 .L112
   348: 00403ec6     0 NOTYPE  LOCAL  DEFAULT    1 .L113
   349: 00403e5a     0 NOTYPE  LOCAL  DEFAULT    1 .L114
   350: 00403f26     0 NOTYPE  LOCAL  DEFAULT    1 .L115
   351: 00403f1a     0 NOTYPE  LOCAL  DEFAULT    1 .L116
   352: 00403ef6     0 NOTYPE  LOCAL  DEFAULT    1 .L117
   353: 00403f6a     0 NOTYPE  LOCAL  DEFAULT    1 .L122
   354: 00403f60     0 NOTYPE  LOCAL  DEFAULT    1 .L123
   355: 004045da     0 NOTYPE  LOCAL  DEFAULT    1 .L124
   356: 00403fee     0 NOTYPE  LOCAL  DEFAULT    1 .L125
   357: 00403fc4     0 NOTYPE  LOCAL  DEFAULT    1 .L126
   358: 00403fd8     0 NOTYPE  LOCAL  DEFAULT    1 .L127
   359: 0040408e     0 NOTYPE  LOCAL  DEFAULT    1 .L128
   360: 0040406a     0 NOTYPE  LOCAL  DEFAULT    1 .L129
   361: 004045d0     0 NOTYPE  LOCAL  DEFAULT    1 .L132
   362: 0040410e     0 NOTYPE  LOCAL  DEFAULT    1 .L133
   363: 004040c4     0 NOTYPE  LOCAL  DEFAULT    1 .L134
   364: 0040417a     0 NOTYPE  LOCAL  DEFAULT    1 .L135
   365: 004041fa     0 NOTYPE  LOCAL  DEFAULT    1 .L136
   366: 004041b0     0 NOTYPE  LOCAL  DEFAULT    1 .L137
   367: 0040439a     0 NOTYPE  LOCAL  DEFAULT    1 .L138
   368: 00404340     0 NOTYPE  LOCAL  DEFAULT    1 .L139
   369: 00404292     0 NOTYPE  LOCAL  DEFAULT    1 .L140
   370: 0040426e     0 NOTYPE  LOCAL  DEFAULT    1 .L141
   371: 0040438c     0 NOTYPE  LOCAL  DEFAULT    1 .L142
   372: 004042ae     0 NOTYPE  LOCAL  DEFAULT    1 .L143
   373: 004042a4     0 NOTYPE  LOCAL  DEFAULT    1 .L144
   374: 004042ea     0 NOTYPE  LOCAL  DEFAULT    1 .L145
   375: 004042e0     0 NOTYPE  LOCAL  DEFAULT    1 .L146
   376: 00404490     0 NOTYPE  LOCAL  DEFAULT    1 .L147
   377: 00404466     0 NOTYPE  LOCAL  DEFAULT    1 .L148
   378: 0040442c     0 NOTYPE  LOCAL  DEFAULT    1 .L162
   379: 00404482     0 NOTYPE  LOCAL  DEFAULT    1 .L150
   380: 0040442e     0 NOTYPE  LOCAL  DEFAULT    1 .L151
   381: 00404420     0 NOTYPE  LOCAL  DEFAULT    1 .L152
   382: 0040452c     0 NOTYPE  LOCAL  DEFAULT    1 .L153
   383: 004044d4     0 NOTYPE  LOCAL  DEFAULT    1 .L154
   384: 0040458c     0 NOTYPE  LOCAL  DEFAULT    1 .L156
   385: 004045ce     0 NOTYPE  LOCAL  DEFAULT    1 .L163
   386: 00403fa2     0 NOTYPE  LOCAL  DEFAULT    1 .L160
   387: 004047f4     0 NOTYPE  LOCAL  DEFAULT    1 .L171
   388: 00000000     0 FILE    LOCAL  DEFAULT  ABS sio.c
   389: 00404850     0 NOTYPE  LOCAL  DEFAULT    1 .L2
   390: 00404846     0 NOTYPE  LOCAL  DEFAULT    1 .L3
   391: 00404924     0 NOTYPE  LOCAL  DEFAULT    1 .L5
   392: 004048e2     0 NOTYPE  LOCAL  DEFAULT    1 .L12
   393: 004048ba     0 NOTYPE  LOCAL  DEFAULT    1 .L7
   394: 004048e4     0 NOTYPE  LOCAL  DEFAULT    1 .L8
   395: 004048a4     0 NOTYPE  LOCAL  DEFAULT    1 .L9
   396: 00404934     0 NOTYPE  LOCAL  DEFAULT    1 .L10
   397: 004049fc     0 NOTYPE  LOCAL  DEFAULT    1 .L14
   398: 004049a4     0 NOTYPE  LOCAL  DEFAULT    1 .L15
   399: 00404a0e     0 NOTYPE  LOCAL  DEFAULT    1 .L16
   400: 004049f6     0 NOTYPE  LOCAL  DEFAULT    1 .L17
   401: 0040497c     0 NOTYPE  LOCAL  DEFAULT    1 .L18
   402: 00404b26     0 NOTYPE  LOCAL  DEFAULT    1 .L20
   403: 00404a60     0 NOTYPE  LOCAL  DEFAULT    1 .L21
   404: 00404a4a     0 NOTYPE  LOCAL  DEFAULT    1 .L22
   405: 00404a8c     0 NOTYPE  LOCAL  DEFAULT    1 .L23
   406: 00404a74     0 NOTYPE  LOCAL  DEFAULT    1 .L24
   407: 00404abc     0 NOTYPE  LOCAL  DEFAULT    1 .L25
   408: 00404aa0     0 NOTYPE  LOCAL  DEFAULT    1 .L26
   409: 00404af2     0 NOTYPE  LOCAL  DEFAULT    1 .L27
   410: 00404adc     0 NOTYPE  LOCAL  DEFAULT    1 .L28
   411: 00404b34     0 NOTYPE  LOCAL  DEFAULT    1 .L34
   412: 00404a42     0 NOTYPE  LOCAL  DEFAULT    1 .L31
   413: 00404b36     0 NOTYPE  LOCAL  DEFAULT    1 .L30
   414: 00404b46     0 NOTYPE  LOCAL  DEFAULT    1 .L32
   415: 00404b7c     0 NOTYPE  LOCAL  DEFAULT    1 .L33
   416: 00000000     0 FILE    LOCAL  DEFAULT  ABS usb.c
   417: 004063fc    16 OBJECT  LOCAL  DEFAULT    4 _sl811
   418: 00404b8a    84 NOTYPE  LOCAL  DEFAULT    1 _waitms
   419: 00404bde    58 NOTYPE  LOCAL  DEFAULT    1 _waitus
   420: 00404c18    96 NOTYPE  LOCAL  DEFAULT    1 _SL811Read
   421: 00404c78    88 NOTYPE  LOCAL  DEFAULT    1 _SL811Write
   422: 00404cd0   154 NOTYPE  LOCAL  DEFAULT    1 _SL811BufRead
   423: 00404d6a   154 NOTYPE  LOCAL  DEFAULT    1 _SL811BufWrite
   424: 00404e04   272 NOTYPE  LOCAL  DEFAULT    1 _regTest
   425: 00404f14   518 NOTYPE  LOCAL  DEFAULT    1 _USBReset
   426: 0040511a   280 NOTYPE  LOCAL  DEFAULT    1 _write_setup
   427: 00406198     8 OBJECT  LOCAL  DEFAULT    3 _getdesc___1138
   428: 004061a0     8 OBJECT  LOCAL  DEFAULT    3 _setaddr___1139
   429: 00404bc8     0 NOTYPE  LOCAL  DEFAULT    1 .L2
   430: 00404bb4     0 NOTYPE  LOCAL  DEFAULT    1 .L3
   431: 00404baa     0 NOTYPE  LOCAL  DEFAULT    1 .L4
   432: 00404ba2     0 NOTYPE  LOCAL  DEFAULT    1 .L5
   433: 00404c00     0 NOTYPE  LOCAL  DEFAULT    1 .L7
   434: 00404bf6     0 NOTYPE  LOCAL  DEFAULT    1 .L8
   435: 00404d5e     0 NOTYPE  LOCAL  DEFAULT    1 .L18
   436: 00404d42     0 NOTYPE  LOCAL  DEFAULT    1 .L15
   437: 00404d4e     0 NOTYPE  LOCAL  DEFAULT    1 .L16
   438: 00404d12     0 NOTYPE  LOCAL  DEFAULT    1 .L17
   439: 00404d60     0 NOTYPE  LOCAL  DEFAULT    1 .L12
   440: 00404df8     0 NOTYPE  LOCAL  DEFAULT    1 .L25
   441: 00404ddc     0 NOTYPE  LOCAL  DEFAULT    1 .L22
   442: 00404de8     0 NOTYPE  LOCAL  DEFAULT    1 .L23
   443: 00404dac     0 NOTYPE  LOCAL  DEFAULT    1 .L24
   444: 00404dfa     0 NOTYPE  LOCAL  DEFAULT    1 .L19
   445: 00404e6a     0 NOTYPE  LOCAL  DEFAULT    1 .L27
   446: 00404e24     0 NOTYPE  LOCAL  DEFAULT    1 .L28
   447: 00404eb6     0 NOTYPE  LOCAL  DEFAULT    1 .L29
   448: 00404eac     0 NOTYPE  LOCAL  DEFAULT    1 .L30
   449: 00404e7e     0 NOTYPE  LOCAL  DEFAULT    1 .L31
   450: 00404ef8     0 NOTYPE  LOCAL  DEFAULT    1 .L32
   451: 00404eca     0 NOTYPE  LOCAL  DEFAULT    1 .L33
   452: 00404f76     0 NOTYPE  LOCAL  DEFAULT    1 .L36
   453: 00404f5e     0 NOTYPE  LOCAL  DEFAULT    1 .L37
   454: 00404fce     0 NOTYPE  LOCAL  DEFAULT    1 .L38
   455: 0040510e     0 NOTYPE  LOCAL  DEFAULT    1 .L39
   456: 00405098     0 NOTYPE  LOCAL  DEFAULT    1 .L40
   457: 0040508c     0 NOTYPE  LOCAL  DEFAULT    1 .L41
   458: 00405074     0 NOTYPE  LOCAL  DEFAULT    1 .L42
   459: 004050fe     0 NOTYPE  LOCAL  DEFAULT    1 .L43
   460: 004051f4     0 NOTYPE  LOCAL  DEFAULT    1 .L45
   461: 0040520c     0 NOTYPE  LOCAL  DEFAULT    1 .L46
   462: 0040521e     0 NOTYPE  LOCAL  DEFAULT    1 .L47
   463: 0040525c     0 NOTYPE  LOCAL  DEFAULT    1 .L50
   464: 00405376     0 NOTYPE  LOCAL  DEFAULT    1 .L51
   465: 004052f4     0 NOTYPE  LOCAL  DEFAULT    1 .L52
   466: 004052f6     0 NOTYPE  LOCAL  DEFAULT    1 .L53
   467: 00405346     0 NOTYPE  LOCAL  DEFAULT    1 .L54
   468: 0040535e     0 NOTYPE  LOCAL  DEFAULT    1 .L55
   469: 00405370     0 NOTYPE  LOCAL  DEFAULT    1 .L56
   470: 004053ac     0 NOTYPE  LOCAL  DEFAULT    1 .L58
   471: 004054fa     0 NOTYPE  LOCAL  DEFAULT    1 .L59
   472: 0040546c     0 NOTYPE  LOCAL  DEFAULT    1 .L60
   473: 00405420     0 NOTYPE  LOCAL  DEFAULT    1 .L61
   474: 00405422     0 NOTYPE  LOCAL  DEFAULT    1 .L62
   475: 00405478     0 NOTYPE  LOCAL  DEFAULT    1 .L70
   476: 0040540e     0 NOTYPE  LOCAL  DEFAULT    1 .L65
   477: 0040547a     0 NOTYPE  LOCAL  DEFAULT    1 .L64
   478: 004054ac     0 NOTYPE  LOCAL  DEFAULT    1 .L66
   479: 004054ca     0 NOTYPE  LOCAL  DEFAULT    1 .L67
   480: 004054e2     0 NOTYPE  LOCAL  DEFAULT    1 .L68
   481: 004054f4     0 NOTYPE  LOCAL  DEFAULT    1 .L69
   482: 00405526     0 NOTYPE  LOCAL  DEFAULT    1 .L72
   483: 00405546     0 NOTYPE  LOCAL  DEFAULT    1 .L73
   484: 00405578     0 NOTYPE  LOCAL  DEFAULT    1 .L75
   485: 0040571a     0 NOTYPE  LOCAL  DEFAULT    1 .L88
   486: 004056dc     0 NOTYPE  LOCAL  DEFAULT    1 .L79
   487: 004056be     0 NOTYPE  LOCAL  DEFAULT    1 .L80
   488: 004056f6     0 NOTYPE  LOCAL  DEFAULT    1 .L89
   489: 00405700     0 NOTYPE  LOCAL  DEFAULT    1 .L90
   490: 00405704     0 NOTYPE  LOCAL  DEFAULT    1 .L91
   491: 00405708     0 NOTYPE  LOCAL  DEFAULT    1 .L92
   492: 0040570c     0 NOTYPE  LOCAL  DEFAULT    1 .L93
   493: 00405710     0 NOTYPE  LOCAL  DEFAULT    1 .L94
   494: 00405714     0 NOTYPE  LOCAL  DEFAULT    1 .L95
   495: 00405716     0 NOTYPE  LOCAL  DEFAULT    1 .L82
   496: 0040591e     0 NOTYPE  LOCAL  DEFAULT    1 .L97
   497: 00405812     0 NOTYPE  LOCAL  DEFAULT    1 .L98
   498: 0040585e     0 NOTYPE  LOCAL  DEFAULT    1 .L99
   499: 004058be     0 NOTYPE  LOCAL  DEFAULT    1 .L100
   500: 004058ee     0 NOTYPE  LOCAL  DEFAULT    1 .L101
   501: 004058fa     0 NOTYPE  LOCAL  DEFAULT    1 .L102
   502: 004057fe     0 NOTYPE  LOCAL  DEFAULT    1 .L103
   503: 0040606a     0 NOTYPE  LOCAL  DEFAULT    2 .LC0
   504: 00405a1a     0 NOTYPE  LOCAL  DEFAULT    1 .L105
   505: 00406077     0 NOTYPE  LOCAL  DEFAULT    2 .LC1
   506: 00405a18     0 NOTYPE  LOCAL  DEFAULT    1 .L106
   507: 00405a46     0 NOTYPE  LOCAL  DEFAULT    1 .L107
   508: 00406087     0 NOTYPE  LOCAL  DEFAULT    2 .LC2
   509: 00405a44     0 NOTYPE  LOCAL  DEFAULT    1 .L108
   510: 0040609a     0 NOTYPE  LOCAL  DEFAULT    2 .LC3
   511: 004060b7     0 NOTYPE  LOCAL  DEFAULT    2 .LC4
   512: 00405b32     0 NOTYPE  LOCAL  DEFAULT    1 .L109
   513: 004060c7     0 NOTYPE  LOCAL  DEFAULT    2 .LC5
   514: 00405b0a     0 NOTYPE  LOCAL  DEFAULT    1 .L110
   515: 00405ba4     0 NOTYPE  LOCAL  DEFAULT    1 .L111
   516: 004060cd     0 NOTYPE  LOCAL  DEFAULT    2 .LC6
   517: 00405bec     0 NOTYPE  LOCAL  DEFAULT    1 .L112
   518: 00405bc4     0 NOTYPE  LOCAL  DEFAULT    1 .L113
   519: 00405d52     0 NOTYPE  LOCAL  DEFAULT    1 .L114
   520: 004060e4     0 NOTYPE  LOCAL  DEFAULT    2 .LC7
   521: 00405c90     0 NOTYPE  LOCAL  DEFAULT    1 .L115
   522: 00405c68     0 NOTYPE  LOCAL  DEFAULT    1 .L116
   523: 004060f4     0 NOTYPE  LOCAL  DEFAULT    2 .LC8
   524: 00405d38     0 NOTYPE  LOCAL  DEFAULT    1 .L117
   525: 004060f7     0 NOTYPE  LOCAL  DEFAULT    2 .LC9
   526: 00405d0e     0 NOTYPE  LOCAL  DEFAULT    1 .L118
   527: 004060fa     0 NOTYPE  LOCAL  DEFAULT    2 .LC10
   528: 004060fc     0 NOTYPE  LOCAL  DEFAULT    2 .LC11
   529: 00405e10     0 NOTYPE  LOCAL  DEFAULT    1 .L119
   530: 00405de8     0 NOTYPE  LOCAL  DEFAULT    1 .L120
   531: 00405f0e     0 NOTYPE  LOCAL  DEFAULT    1 .L121
   532: 00405f1e     0 NOTYPE  LOCAL  DEFAULT    1 .L127
   533: 0040610f     0 NOTYPE  LOCAL  DEFAULT    2 .LC12
   534: 00405efa     0 NOTYPE  LOCAL  DEFAULT    1 .L124
   535: 00405ed2     0 NOTYPE  LOCAL  DEFAULT    1 .L125
   536: 00405e52     0 NOTYPE  LOCAL  DEFAULT    1 .L126
   537: 00405f20     0 NOTYPE  LOCAL  DEFAULT    1 .L123
   538: 00406125     0 NOTYPE  LOCAL  DEFAULT    2 .LC13
   539: 0040613d     0 NOTYPE  LOCAL  DEFAULT    2 .LC14
   540: 00400100     0 NOTYPE  GLOBAL DEFAULT    1 _text_top
   541: 00402f18   276 NOTYPE  GLOBAL DEFAULT    1 _command_main
   542: 00405f90     0 NOTYPE  GLOBAL DEFAULT    2 _rodata_top
   543: 0040034c    70 NOTYPE  GLOBAL DEFAULT    1 _kzSyscall
   544: 004061a8     0 NOTYPE  GLOBAL DEFAULT    3 _data_btm
   545: 00404662   130 NOTYPE  GLOBAL DEFAULT    1 _sprint
   546: 00402964   284 NOTYPE  GLOBAL DEFAULT    1 _dramCheck01
   547: 00402438   114 NOTYPE  GLOBAL DEFAULT    1 _srlInit
   548: 00401d98   146 NOTYPE  GLOBAL DEFAULT    1 _strcmp
   549: 00402738    94 NOTYPE  GLOBAL DEFAULT    1 _srlIntrIsRecvEnable
   550: 0040113a   124 NOTYPE  GLOBAL DEFAULT    1 _kzRun
   551: 0040595c  1588 NOTYPE  GLOBAL DEFAULT    1 _usb_main
   552: 004030dc   140 NOTYPE  GLOBAL DEFAULT    1 _insert_char
   553: 00404956   198 NOTYPE  GLOBAL DEFAULT    1 _sio_read
   554: 0040126e    50 NOTYPE  GLOBAL DEFAULT    1 _kzGetId
   555: 00403f38  1734 NOTYPE  GLOBAL DEFAULT    1 _vprintf
   556: 0040131a    66 NOTYPE  GLOBAL DEFAULT    1 _kzMfree
   557: 0040640c     4 OBJECT  GLOBAL DEFAULT    4 _test09_3_id
   558: 0040122c    66 NOTYPE  GLOBAL DEFAULT    1 _kzWakeup
   559: 00401ede    88 NOTYPE  GLOBAL DEFAULT    1 _putc
   560: 00402648    88 NOTYPE  GLOBAL DEFAULT    1 _srlIntrIsSendEnable
   561: 004011fc    48 NOTYPE  GLOBAL DEFAULT    1 _kzSleep
   562: 00401f8c    58 NOTYPE  GLOBAL DEFAULT    1 _getc
   563: 004047b4    54 NOTYPE  GLOBAL DEFAULT    1 _putch
   564: 004046e4   100 NOTYPE  GLOBAL DEFAULT    1 _scan
   565: 004061a8     0 NOTYPE  GLOBAL DEFAULT    4 _bss_top
   566: 00401f36    86 NOTYPE  GLOBAL DEFAULT    1 _puts
   567: 00400000     0 NOTYPE  GLOBAL DEFAULT    1 _softvec
   568: 0040010c     0 FUNC    GLOBAL DEFAULT    1 _dispatch
   569: 00402280   394 NOTYPE  GLOBAL DEFAULT    1 _asc2hex
   570: 00401582   186 NOTYPE  GLOBAL DEFAULT    1 _consdrv_main
   571: 00405550   472 NOTYPE  GLOBAL DEFAULT    1 _ioctl_sl811
   572: 00404884   210 NOTYPE  GLOBAL DEFAULT    1 _sio_write
   573: 00401528    90 NOTYPE  GLOBAL DEFAULT    1 _srvSend
   574: 0040616c     0 NOTYPE  GLOBAL DEFAULT    3 _data_top
   575: 004026a0    76 NOTYPE  GLOBAL DEFAULT    1 _srlIntrSetSendEnable
   576: 004012a0    60 NOTYPE  GLOBAL DEFAULT    1 _kzChgPri
   577: 00402560   116 NOTYPE  GLOBAL DEFAULT    1 _srlSendByte
   578: 0040641c     0 NOTYPE  GLOBAL DEFAULT    5 _freearea
   579: 0040286a    62 NOTYPE  GLOBAL DEFAULT    1 _svSetHandler
   580: 00403168   116 NOTYPE  GLOBAL DEFAULT    1 _delete_char
   581: 00401fc6   102 NOTYPE  GLOBAL DEFAULT    1 _gets
   582: 00401466    66 NOTYPE  GLOBAL DEFAULT    1 _srvWakeup
   583: 00402c98   184 NOTYPE  GLOBAL DEFAULT    1 _kzFree
   584: 0040641c     0 NOTYPE  GLOBAL DEFAULT    4 _bss_btm
   585: 0040353e   288 NOTYPE  GLOBAL DEFAULT    1 _atodec
   586: 00401b74   154 NOTYPE  GLOBAL DEFAULT    1 _memcpy
   587: 00405728   564 NOTYPE  GLOBAL DEFAULT    1 _get_desc
   588: 00401aee   134 NOTYPE  GLOBAL DEFAULT    1 _memset
   589: 004025d4   116 NOTYPE  GLOBAL DEFAULT    1 _srlRecvByte
   590: 00501000     0 NOTYPE  GLOBAL DEFAULT    5 _bootstack
   591: 00402bc4   212 NOTYPE  GLOBAL DEFAULT    1 _kzAlloc
   592: 00405f90     0 NOTYPE  GLOBAL DEFAULT    1 _text_btm
   593: 004031dc   564 NOTYPE  GLOBAL DEFAULT    1 _read_string
   594: 00405232   338 NOTYPE  GLOBAL DEFAULT    1 _write_sl811
   595: 00406410     4 OBJECT  GLOBAL DEFAULT    4 _test09_2_id
   596: 004028a8    92 NOTYPE  GLOBAL DEFAULT    1 _svInterrupt
   597: 00400100     0 FUNC    GLOBAL DEFAULT    1 _start
   598: 00402796    76 NOTYPE  GLOBAL DEFAULT    1 _srlIntrSetRecvEnable
   599: 004027e2    76 NOTYPE  GLOBAL DEFAULT    1 _srlIntrSetRecvDisable
   600: 004024aa    88 NOTYPE  GLOBAL DEFAULT    1 _srlIsSendEnable
   601: 00402b7c    72 NOTYPE  GLOBAL DEFAULT    1 _kzMemInit
   602: 00502000     0 NOTYPE  GLOBAL DEFAULT    5 _intrstack
   603: 004047ea    46 NOTYPE  GLOBAL DEFAULT    1 _getch
   604: 004026ec    76 NOTYPE  GLOBAL DEFAULT    1 _srlIntrSetSendDisable
   605: 00402a80   252 NOTYPE  GLOBAL DEFAULT    1 _dramCheck02
   606: 00400392    50 NOTYPE  GLOBAL DEFAULT    1 _kzSrvcall
   607: 004014e6    66 NOTYPE  GLOBAL DEFAULT    1 _srvMfree
   608: 00405508    72 NOTYPE  GLOBAL DEFAULT    1 _seek_sl811
   609: 00404748   108 NOTYPE  GLOBAL DEFAULT    1 _sscan
   610: 00404a1c   366 NOTYPE  GLOBAL DEFAULT    1 _sio_speed
   611: 0040302c   176 NOTYPE  GLOBAL DEFAULT    1 _flush_line
   612: 00401d0a   142 NOTYPE  GLOBAL DEFAULT    1 _strcpy
   613: 00401c0e   160 NOTYPE  GLOBAL DEFAULT    1 _memcmp
   614: 0040616c     0 NOTYPE  GLOBAL DEFAULT    2 _rodata_btm
   615: 00500000     0 NOTYPE  GLOBAL DEFAULT    5 _userstack
   616: 0040033a    18 NOTYPE  GLOBAL DEFAULT    1 _kzSysdown
   617: 0040202c   596 NOTYPE  GLOBAL DEFAULT    1 _printhex
   618: 0040135c    90 NOTYPE  GLOBAL DEFAULT    1 _kzSend
   619: 004014a8    62 NOTYPE  GLOBAL DEFAULT    1 _srvMalloc
   620: 00406414     4 OBJECT  GLOBAL DEFAULT    4 _ppcOsEntryFp
   621: 00406170    12 OBJECT  GLOBAL DEFAULT    3 _s_pSciRegs
   622: 00401e2a   180 NOTYPE  GLOBAL DEFAULT    1 _strncmp
   623: 00406418     4 OBJECT  GLOBAL DEFAULT    4 _test09_1_id
   624: 0040641c     0 NOTYPE  GLOBAL DEFAULT  ABS _end
   625: 0040240a    46 NOTYPE  GLOBAL DEFAULT    1 _isdigit
   626: 004013b6    98 NOTYPE  GLOBAL DEFAULT    1 _kzRecv
   627: 00405384   388 NOTYPE  GLOBAL DEFAULT    1 _read_sl811
   628: 00401418    78 NOTYPE  GLOBAL DEFAULT    1 _kzSetIntr
   629: 00401cae    92 NOTYPE  GLOBAL DEFAULT    1 _strlen
   630: 004012dc    62 NOTYPE  GLOBAL DEFAULT    1 _kzMalloc
   631: 004045fe   100 NOTYPE  GLOBAL DEFAULT    1 _print
   632: 004011cc    48 NOTYPE  GLOBAL DEFAULT    1 _kzWait
   633: 00404818   108 NOTYPE  GLOBAL DEFAULT    1 _sio_init
   634: 004011b6    22 NOTYPE  GLOBAL DEFAULT    1 _kzExit
   635: 00402502    94 NOTYPE  GLOBAL DEFAULT    1 _srlIsRecvEnable
   636: 00402904    96 NOTYPE  GLOBAL DEFAULT    1 _dramInit
   637: 0040012e   118 NOTYPE  GLOBAL DEFAULT    1 _main
   638: 0040282e    60 NOTYPE  GLOBAL DEFAULT    1 _svInit
   639: 00400246   244 NOTYPE  GLOBAL DEFAULT    1 _kzStart
   640: 00403410   302 NOTYPE  GLOBAL DEFAULT    1 _atohex

このファイルからはバージョン情報が見つかりません。
