
Allocating common symbols
Common symbol       size              file

test09_3_id         0x4               main.o
test09_2_id         0x4               main.o
ppcOsEntryFp        0x4               main.o
test09_1_id         0x4               main.o

Memory Configuration

Name             Origin             Length             Attributes
dramall          0x00400000         0x00200000         xrw
dram             0x00400100         0x00100000         xrw
ramall           0x00ffbf20         0x00004000         xrw
softvec          0x00400000         0x00000040         rw
ram              0x00ffc020         0x00003f00         xrw
userstack        0x00500000         0x00001000         rw
bootstack        0x00501000         0x00001000         rw
intrstack        0x00502000         0x00001000         rw
*default*        0x00000000         0xffffffff

Linker script and memory map

LOAD startup.o
LOAD main.o
LOAD kozos.o
LOAD syscall.o
LOAD consdrv.o
LOAD lib.o
LOAD serial.o
LOAD interrupt.o
LOAD dram.o
LOAD memory.o
LOAD command.o
LOAD print.o
LOAD sio.o
LOAD usb.o
                0x00000000                . = ALIGN (0x4)

.softvec        0x00400000        0x0
                0x00400000                _softvec = .

.text           0x00400100     0x5e90
                0x00400100                _text_top = .
 *(.text)
 .text          0x00400100       0x2e startup.o
                0x00400100                _start
                0x0040010c                _dispatch
 .text          0x0040012e      0x118 main.o
                0x0040012e                _main
 .text          0x00400246      0xef4 kozos.o
                0x00400246                _kzStart
                0x0040033a                _kzSysdown
                0x0040034c                _kzSyscall
                0x00400392                _kzSrvcall
 .text          0x0040113a      0x448 syscall.o
                0x0040113a                _kzRun
                0x004011b6                _kzExit
                0x004011cc                _kzWait
                0x004011fc                _kzSleep
                0x0040122c                _kzWakeup
                0x0040126e                _kzGetId
                0x004012a0                _kzChgPri
                0x004012dc                _kzMalloc
                0x0040131a                _kzMfree
                0x0040135c                _kzSend
                0x004013b6                _kzRecv
                0x00401418                _kzSetIntr
                0x00401466                _srvWakeup
                0x004014a8                _srvMalloc
                0x004014e6                _srvMfree
                0x00401528                _srvSend
 .text          0x00401582      0x56c consdrv.o
                0x00401582                _consdrv_main
 .text          0x00401aee      0x94a lib.o
                0x00401aee                _memset
                0x00401b74                _memcpy
                0x00401c0e                _memcmp
                0x00401cae                _strlen
                0x00401d0a                _strcpy
                0x00401d98                _strcmp
                0x00401e2a                _strncmp
                0x00401ede                _putc
                0x00401f36                _puts
                0x00401f8c                _getc
                0x00401fc6                _gets
                0x0040202c                _printhex
                0x00402280                _asc2hex
                0x0040240a                _isdigit
 .text          0x00402438      0x3f6 serial.o
                0x00402438                _srlInit
                0x004024aa                _srlIsSendEnable
                0x00402502                _srlIsRecvEnable
                0x00402560                _srlSendByte
                0x004025d4                _srlRecvByte
                0x00402648                _srlIntrIsSendEnable
                0x004026a0                _srlIntrSetSendEnable
                0x004026ec                _srlIntrSetSendDisable
                0x00402738                _srlIntrIsRecvEnable
                0x00402796                _srlIntrSetRecvEnable
                0x004027e2                _srlIntrSetRecvDisable
 .text          0x0040282e       0xd6 interrupt.o
                0x0040282e                _svInit
                0x0040286a                _svSetHandler
                0x004028a8                _svInterrupt
 .text          0x00402904      0x278 dram.o
                0x00402904                _dramInit
                0x00402964                _dramCheck01
                0x00402a80                _dramCheck02
 .text          0x00402b7c      0x2ae memory.o
                0x00402b7c                _kzMemInit
                0x00402bc4                _kzAlloc
                0x00402c98                _kzFree
 .text          0x00402e2a      0x202 command.o
                0x00402f18                _command_main
 .text          0x0040302c     0x17ec print.o
                0x0040302c                _flush_line
                0x004030dc                _insert_char
                0x00403168                _delete_char
                0x004031dc                _read_string
                0x00403410                _atohex
                0x0040353e                _atodec
                0x00403f38                _vprintf
                0x004045fe                _print
                0x00404662                _sprint
                0x004046e4                _scan
                0x00404748                _sscan
                0x004047b4                _putch
                0x004047ea                _getch
 .text          0x00404818      0x372 sio.o
                0x00404818                _sio_init
                0x00404884                _sio_write
                0x00404956                _sio_read
                0x00404a1c                _sio_speed
 .text          0x00404b8a     0x1406 usb.o
                0x00405232                _write_sl811
                0x00405384                _read_sl811
                0x00405508                _seek_sl811
                0x00405550                _ioctl_sl811
                0x00405728                _get_desc
                0x0040595c                _usb_main
                0x00405f90                _text_btm = .

.rodata         0x00405f90      0x1dc
                0x00405f90                _rodata_top = .
 *(.strings)
 *(.rodata)
 .rodata        0x00405f90       0x38 main.o
 .rodata        0x00405fc8       0x54 kozos.o
 .rodata        0x0040601c       0x11 lib.o
 .rodata        0x0040602d        0x8 dram.o
 .rodata        0x00406035       0x20 command.o
 .rodata        0x00406055       0x15 print.o
 .rodata        0x0040606a      0x102 usb.o
 *(.rodata.*)
                0x0040616c                _rodata_btm = .

.data           0x0040616c       0x3c
                0x0040616c                _data_top = .
 *(.data)
 .data          0x0040616c        0x0 startup.o
 .data          0x0040616c        0x0 main.o
 .data          0x0040616c        0x4 kozos.o
 .data          0x00406170        0x0 syscall.o
 .data          0x00406170        0x0 consdrv.o
 .data          0x00406170        0x0 lib.o
 .data          0x00406170        0xc serial.o
                0x00406170                _s_pSciRegs
 .data          0x0040617c        0x0 interrupt.o
 .data          0x0040617c        0x0 dram.o
 .data          0x0040617c       0x1c memory.o
 .data          0x00406198        0x0 command.o
 .data          0x00406198        0x0 print.o
 .data          0x00406198        0x0 sio.o
 .data          0x00406198       0x10 usb.o
                0x004061a8                _data_btm = .

.bss            0x004061a8      0x274
                0x004061a8                _bss_top = .
 *(.bss)
 .bss           0x004061a8        0x0 startup.o
 .bss           0x004061a8        0x0 main.o
 .bss           0x004061a8      0x230 kozos.o
 .bss           0x004063d8        0x0 syscall.o
 .bss           0x004063d8       0x20 consdrv.o
 .bss           0x004063f8        0x0 lib.o
 .bss           0x004063f8        0x0 serial.o
 .bss           0x004063f8        0x0 interrupt.o
 .bss           0x004063f8        0x0 dram.o
 .bss           0x004063f8        0x0 memory.o
 .bss           0x004063f8        0x4 command.o
 .bss           0x004063fc        0x0 print.o
 .bss           0x004063fc        0x0 sio.o
 .bss           0x004063fc       0x10 usb.o
 *(COMMON)
 COMMON         0x0040640c       0x10 main.o
                0x0040640c                _test09_3_id
                0x00406410                _test09_2_id
                0x00406414                _ppcOsEntryFp
                0x00406418                _test09_1_id
                0x0040641c                _bss_btm = .
                0x0040641c                . = ALIGN (0x4)
                0x0040641c                _end = .

.freearea       0x0040641c        0x0
                0x0040641c                _freearea = .

.userstack      0x00500000        0x0
                0x00500000                _userstack = .

.bootstack      0x00501000        0x0
                0x00501000                _bootstack = .

.intrstack      0x00502000        0x0
                0x00502000                _intrstack = .
OUTPUT(kozos elf32-h8300)

.comment        0x00000000       0x1c
 .comment       0x00000000       0x1c main.o
                                 0x1d (size before relaxing)
 .comment       0x00000000       0x1d kozos.o
 .comment       0x00000000       0x1d syscall.o
 .comment       0x00000000       0x1d consdrv.o
 .comment       0x00000000       0x1d lib.o
 .comment       0x00000000       0x1d serial.o
 .comment       0x00000000       0x1d interrupt.o
 .comment       0x00000000       0x1d dram.o
 .comment       0x00000000       0x1d memory.o
 .comment       0x00000000       0x1d command.o
 .comment       0x00000000       0x1d print.o
 .comment       0x00000000       0x1d sio.o
 .comment       0x00000000       0x1d usb.o
