Archive member included because of file (symbol)

c:/users/tokixy56/work/cmd/h8300-~1/h8300-elf/bin/../lib/gcc/h8300-elf/4.7-GNUH8_v12.02/h8300h/int32\libgcc.a(_divsi3.o)
                              stdio.o (___modsi3)
c:/users/tokixy56/work/cmd/h8300-~1/h8300-elf/bin/../lib/gcc/h8300-elf/4.7-GNUH8_v12.02/h8300h/int32\libgcc.a(_mulsi3.o)
                              cmd.o (___mulsi3)

Allocating common symbols
Common symbol       size              file

buf                 0x80              monix.o

Memory Configuration

Name             Origin             Length             Attributes
vectors          0x00000000         0x00000100
monvec           0x00000100         0x00000100
stubvec          0x00000200         0x00000100
rom              0x00000300         0x000ffd00
uservec          0x00400000         0x00000100
ram              0x00ffbf20         0x00004000
softvec          0x00400000         0x00000040
stack            0x00ffff14         0x00000004
mondata          0x00ffff18         0x00000008
intrstack        0x00502000         0x00001000
*default*        0x00000000         0xffffffff

Linker script and memory map


.vectors        0x00000000      0x100
 *(.vectors)
 .vectors       0x00000000      0x100 vector.o
                0x00000000                _vector_table
 FILL mask 0xff

.monvec         0x00000100      0x100
 *(.monvec)
 .monvec        0x00000100      0x100 vector.o
                0x00000100                _MonitorVector

.stubvec
 *(.stubvec)

.uservec        0x00400000      0x100
 *(.uservec)
 .uservec       0x00400000      0x100 vector.o
                0x00400000                _UserVector

.text           0x00000300     0x2d0c
 *(.text)
 .text          0x00000300      0x160 vector.o
 .text          0x00000460       0x50 crt0.o
                0x00000460                _startup
 .text          0x000004b0       0x68 interrupt.o
                0x000004b0                _svInit
                0x000004d8                _svSetHandler
                0x000004f6                _svInterrupt
 .text          0x00000518      0x102 intr.o
                0x00000518                _intrSofterr
                0x0000056e                _intrSyscall
                0x000005c4                _intrSerial
 .text          0x0000061a       0x76 bus.o
                0x0000061a                _BusInit
 .text          0x00000690        0x0 monix.o
 .text          0x00000690      0x872 cmd.o
                0x00000690                _CmdFb
                0x00000838                _CmdDw
                0x000008c0                _CmdDb
                0x00000948                _CmdGo
                0x00000a52                _CmdLd
                0x00000c20                _CmdHelp
                0x00000d06                _CmdEw
                0x00000d90                _CmdFw
                0x00000e12                _CmdParse
                0x00000eee                _CmdGetLine
 .text          0x00000f02      0x120 sci.o
                0x00000f02                _SCIInit
                0x00000f5c                _SCIPutChar
                0x00000fa2                _SCIGetChar
 .text          0x00001022      0x414 memutil.o
                0x00001022                _xatoi
                0x00001126                _MemDump
 .text          0x00001436       0x42 sys.o
                0x00001436                _UnhandledException
                0x00001458                _SysDelayUsec
 .text          0x00001478        0x0 ctype.o
 .text          0x00001478       0xda string.o
                0x00001478                _strlen
                0x0000149a                _strcpy
                0x000014b0                _memset
                0x000014cc                _memcpy
                0x000014f2                _strcat
                0x00001516                _strncmp
 .text          0x00001552     0x1156 stdio.o
                0x0000157e                _putchar
                0x000015ae                _getchar
                0x000015c0                _doprnt
                0x0000257a                _vsnprintf
                0x000025c6                _snprintf
                0x000025f0                _vsprintf
                0x0000260c                _sprintf
                0x0000263a                _vprintf
                0x00002654                _printf
                0x00002678                _puts
 .text          0x000026a8      0x25a dma.o
                0x000026a8                _DMAInit
                0x00002734                _DMAWrite
                0x000027d6                _DMARead
                0x00002878                _DMACopy
 *fill*         0x00002902        0x2 00
 .text          0x00002904       0x8c c:/users/tokixy56/work/cmd/h8300-~1/h8300-elf/bin/../lib/gcc/h8300-elf/4.7-GNUH8_v12.02/h8300h/int32\libgcc.a(_divsi3.o)
                0x00002926                ___modsi3
                0x00002932                ___umodsi3
                0x00002938                ___divsi3
                0x0000294e                ___udivsi3
 .text          0x00002990       0x18 c:/users/tokixy56/work/cmd/h8300-~1/h8300-elf/bin/../lib/gcc/h8300-elf/4.7-GNUH8_v12.02/h8300h/int32\libgcc.a(_mulsi3.o)
                0x00002990                ___mulsi3
 *(.strings)
 *(.rodata*)
 .rodata.str1.1
                0x000029a8       0x3d monix.o
 .rodata.str1.1
                0x000029e5      0x363 cmd.o
                                0x38e (size before relaxing)
 .rodata        0x00002d48       0x48 cmd.o
 .rodata.str1.1
                0x00002d90       0x17 memutil.o
                                 0x1a (size before relaxing)
 .rodata.str1.1
                0x00002da7       0x2c sys.o
 .rodata        0x00002dd3       0x80 ctype.o
                0x00002dd3                ___ctype
 *fill*         0x00002e53        0x1 00
 .rodata        0x00002e54      0x1b8 stdio.o
                0x0000300c                _etext = .

.text.startup   0x0000300c       0x7c
 .text.startup  0x0000300c       0x7c monix.o
                0x0000300c                _main

.softvec        0x00400000        0x0
                0x00400000                _softvec = .

.tors           0x00400000        0x0
                0x00400000                ___ctors = .
 *(.ctors)
                0x00400000                ___ctors_end = .
                0x00400000                ___dtors = .
 *(.dtors)
                0x00400000                ___dtors_end = .

.data           0x00ffbf20        0x0 load address 0x00400000
                0x00ffbf20                ___data = .
 *(.data)
 .data          0x00ffbf20        0x0 vector.o
 .data          0x00ffbf20        0x0 crt0.o
 .data          0x00ffbf20        0x0 interrupt.o
 .data          0x00ffbf20        0x0 intr.o
 .data          0x00ffbf20        0x0 bus.o
 .data          0x00ffbf20        0x0 monix.o
 .data          0x00ffbf20        0x0 cmd.o
 .data          0x00ffbf20        0x0 sci.o
 .data          0x00ffbf20        0x0 memutil.o
 .data          0x00ffbf20        0x0 sys.o
 .data          0x00ffbf20        0x0 ctype.o
 .data          0x00ffbf20        0x0 string.o
 .data          0x00ffbf20        0x0 stdio.o
 .data          0x00ffbf20        0x0 dma.o
 .data          0x00ffbf20        0x0 c:/users/tokixy56/work/cmd/h8300-~1/h8300-elf/bin/../lib/gcc/h8300-elf/4.7-GNUH8_v12.02/h8300h/int32\libgcc.a(_divsi3.o)
 .data          0x00ffbf20        0x0 c:/users/tokixy56/work/cmd/h8300-~1/h8300-elf/bin/../lib/gcc/h8300-elf/4.7-GNUH8_v12.02/h8300h/int32\libgcc.a(_mulsi3.o)
 *(.tiny)
                0x00ffbf20                _edata = .

.mondata        0x00ffff18        0x5
 *(.mondata)
 .mondata       0x00ffff18        0x4 vector.o
                0x00ffff18                _CurrentVector
 .mondata       0x00ffff1c        0x1 crt0.o
                0x00ffff1c                _MonitorMode

.bss            0x00ffbf20       0x8a
                0x00ffbf20                _bss_start = .
 *(.bss)
 .bss           0x00ffbf20        0x0 vector.o
 .bss           0x00ffbf20        0x0 crt0.o
 .bss           0x00ffbf20        0x0 interrupt.o
 .bss           0x00ffbf20        0x0 intr.o
 .bss           0x00ffbf20        0x0 bus.o
 .bss           0x00ffbf20        0x0 monix.o
 .bss           0x00ffbf20        0x0 cmd.o
 .bss           0x00ffbf20        0x0 sci.o
 .bss           0x00ffbf20        0x0 memutil.o
 .bss           0x00ffbf20        0x0 sys.o
 .bss           0x00ffbf20        0x0 ctype.o
 .bss           0x00ffbf20        0x0 string.o
 .bss           0x00ffbf20        0x8 stdio.o
 .bss           0x00ffbf28        0x2 dma.o
 .bss           0x00ffbf2a        0x0 c:/users/tokixy56/work/cmd/h8300-~1/h8300-elf/bin/../lib/gcc/h8300-elf/4.7-GNUH8_v12.02/h8300h/int32\libgcc.a(_divsi3.o)
 .bss           0x00ffbf2a        0x0 c:/users/tokixy56/work/cmd/h8300-~1/h8300-elf/bin/../lib/gcc/h8300-elf/4.7-GNUH8_v12.02/h8300h/int32\libgcc.a(_mulsi3.o)
 *(COMMON)
 COMMON         0x00ffbf2a       0x80 monix.o
                0x00ffbf2a                _buf
                0x00ffbfaa                _end = .

.stack          0x00ffff14        0x0
                0x00ffff14                _stack = .
 *(.stack)

.stab
 *(.stab)

.stabstr
 *(.stabstr)

.intrstack      0x00502000        0x0
                0x00502000                _intrstack = .
LOAD vector.o
LOAD crt0.o
LOAD interrupt.o
LOAD intr.o
LOAD bus.o
LOAD monix.o
LOAD cmd.o
LOAD sci.o
LOAD memutil.o
LOAD sys.o
LOAD ctype.o
LOAD string.o
LOAD stdio.o
LOAD dma.o
LOAD c:/users/tokixy56/work/cmd/h8300-~1/h8300-elf/bin/../lib/gcc/h8300-elf/4.7-GNUH8_v12.02/h8300h/int32\libgcc.a
LOAD c:/users/tokixy56/work/cmd/h8300-~1/h8300-elf/bin/../lib/gcc/h8300-elf/4.7-GNUH8_v12.02/../../../../h8300-elf/lib/h8300h/int32\libc.a
OUTPUT(monix.elf elf32-h8300)

.comment        0x00000000       0x1c
 .comment       0x00000000       0x1c interrupt.o
                                 0x1d (size before relaxing)
 .comment       0x00000000       0x1d bus.o
 .comment       0x00000000       0x1d monix.o
 .comment       0x00000000       0x1d cmd.o
 .comment       0x00000000       0x1d sci.o
 .comment       0x00000000       0x1d memutil.o
 .comment       0x00000000       0x1d sys.o
 .comment       0x00000000       0x1d ctype.o
 .comment       0x00000000       0x1d string.o
 .comment       0x00000000       0x1d stdio.o
 .comment       0x00000000       0x1d dma.o
