ELF Header:
  Magic:   7f 45 4c 46 01 02 01 00 00 00 00 00 00 00 00 00 
  Class:                             ELF32
  Data:                              2's complement, big endian
  Version:                           1 (current)
  OS/ABI:                            UNIX - System V
  ABI Version:                       0
  Type:                              EXEC (Executable file)
  Machine:                           Renesas H8/300
  Version:                           0x1
  Entry point address:               0x400100
  Start of program headers:          52 (bytes into file)
  Start of section headers:          17408 (bytes into file)
  Flags:                             0x810000
  Size of this header:               52 (bytes)
  Size of program headers:           32 (bytes)
  Number of program headers:         3
  Size of section headers:           40 (bytes)
  Number of section headers:         9
  Section header string table index: 6

Section Headers:
  [Nr] Name              Type            Addr     Off    Size   ES Flg Lk Inf Al
  [ 0]                   NULL            00000000 000000 000000 00      0   0  0
  [ 1] .text             PROGBITS        00400100 000094 004132 00  AX  0   0  2
  [ 2] .rodata           PROGBITS        00404234 0041c8 00019e 00   A  0   0  4
  [ 3] .data             PROGBITS        004043d4 004368 00003c 00  WA  0   0  4
  [ 4] .bss              NOBITS          00404410 0043a4 000270 00  WA  0   0  4
  [ 5] .comment          PROGBITS        00000000 0043a4 00001c 01  MS  0   0  1
  [ 6] .shstrtab         STRTAB          00000000 0043c0 00003d 00      0   0  1
  [ 7] .symtab           SYMTAB          00000000 004568 001c70 10      8 368  4
  [ 8] .strtab           STRTAB          00000000 0061d8 000912 00      0   0  1
Key to Flags:
  W (write), A (alloc), X (execute), M (merge), S (strings)
  I (info), L (link order), G (group), T (TLS), E (exclude), x (unknown)
  O (extra OS processing required) o (OS specific), p (processor specific)

There are no section groups in this file.

Program Headers:
  Type           Offset   VirtAddr   PhysAddr   FileSiz MemSiz  Flg Align
  LOAD           0x000000 0x0040006c 0x0040006c 0x041c6 0x041c6 R E 0x1
  LOAD           0x0041c8 0x00404234 0x00404234 0x0019e 0x0019e R   0x1
  LOAD           0x004368 0x004043d4 0x004043d4 0x0003c 0x002ac RW  0x1

 Section to Segment mapping:
  Segment Sections...
   00     .text 
   01     .rodata 
   02     .data .bss 

There is no dynamic section in this file.

There are no relocations in this file.

The decoding of unwind sections for machine type Renesas H8/300 is not currently supported.

Symbol table '.symtab' contains 455 entries:
   Num:    Value  Size Type    Bind   Vis      Ndx Name
     0: 00000000     0 NOTYPE  LOCAL  DEFAULT  UND 
     1: 00400100     0 SECTION LOCAL  DEFAULT    1 
     2: 00404234     0 SECTION LOCAL  DEFAULT    2 
     3: 004043d4     0 SECTION LOCAL  DEFAULT    3 
     4: 00404410     0 SECTION LOCAL  DEFAULT    4 
     5: 00000000     0 SECTION LOCAL  DEFAULT    5 
     6: 0040010a     0 NOTYPE  LOCAL  DEFAULT    1 .L1^B1
     7: 00000000     0 FILE    LOCAL  DEFAULT  ABS main.c
     8: 004001a4   162 NOTYPE  LOCAL  DEFAULT    1 _startThreads
     9: 00404234     0 NOTYPE  LOCAL  DEFAULT    2 .LC0
    10: 00404249     0 NOTYPE  LOCAL  DEFAULT    2 .LC1
    11: 0040424e     0 NOTYPE  LOCAL  DEFAULT    2 .LC2
    12: 0040425c     0 NOTYPE  LOCAL  DEFAULT    2 .LC3
    13: 00404264     0 NOTYPE  LOCAL  DEFAULT    2 .LC4
    14: 00400242     0 NOTYPE  LOCAL  DEFAULT    1 .L4
    15: 00000000     0 FILE    LOCAL  DEFAULT  ABS kozos.c
    16: 00404410   128 OBJECT  LOCAL  DEFAULT    4 _s_readyQ
    17: 00404490     4 OBJECT  LOCAL  DEFAULT    4 _s_pCurrentThread
    18: 00404494   384 OBJECT  LOCAL  DEFAULT    4 _s_threads
    19: 00404614    12 OBJECT  LOCAL  DEFAULT    4 _s_ppHandlers
    20: 00404620    32 OBJECT  LOCAL  DEFAULT    4 _s_msgBoxes
    21: 00401064    46 NOTYPE  LOCAL  DEFAULT    1 _syscallIntr
    22: 00400d08    82 NOTYPE  LOCAL  DEFAULT    1 _threadSetIntr
    23: 00401092    46 NOTYPE  LOCAL  DEFAULT    1 _softerrIntr
    24: 004005ee   690 NOTYPE  LOCAL  DEFAULT    1 _threadRun
    25: 00400fb2    60 NOTYPE  LOCAL  DEFAULT    1 _srvcallProc
    26: 004003c4   220 NOTYPE  LOCAL  DEFAULT    1 _getCurrentThread
    27: 004004a0   252 NOTYPE  LOCAL  DEFAULT    1 _putCurrentThread
    28: 0040059c    16 NOTYPE  LOCAL  DEFAULT    1 _threadEnd
    29: 004005ac    66 NOTYPE  LOCAL  DEFAULT    1 _threadInit
    30: 004043d4     4 OBJECT  LOCAL  DEFAULT    3 _pThreadStack___1262
    31: 004008a0    62 NOTYPE  LOCAL  DEFAULT    1 _threadExit
    32: 004008de    20 NOTYPE  LOCAL  DEFAULT    1 _threadWait
    33: 004008f2    16 NOTYPE  LOCAL  DEFAULT    1 _threadSleep
    34: 00400902    48 NOTYPE  LOCAL  DEFAULT    1 _threadWakeup
    35: 00400932    26 NOTYPE  LOCAL  DEFAULT    1 _threadGetId
    36: 0040094c    76 NOTYPE  LOCAL  DEFAULT    1 _threadChgPri
    37: 00400998    38 NOTYPE  LOCAL  DEFAULT    1 _threadMalloc
    38: 004009be    42 NOTYPE  LOCAL  DEFAULT    1 _threadMfree
    39: 004009e8   208 NOTYPE  LOCAL  DEFAULT    1 _sendMsg
    40: 00400ab8   270 NOTYPE  LOCAL  DEFAULT    1 _recvMsg
    41: 00400bc6   160 NOTYPE  LOCAL  DEFAULT    1 _threadSendMsg
    42: 00400c66   162 NOTYPE  LOCAL  DEFAULT    1 _threadRecvMsg
    43: 004010c0   122 NOTYPE  LOCAL  DEFAULT    1 _threadIntr
    44: 00400d5a   546 NOTYPE  LOCAL  DEFAULT    1 _callFunctions
    45: 00400f7c    54 NOTYPE  LOCAL  DEFAULT    1 _syscallProc
    46: 00400fee   118 NOTYPE  LOCAL  DEFAULT    1 _schedule
    47: 0040426c     0 NOTYPE  LOCAL  DEFAULT    2 .LC0
    48: 0040034a     0 NOTYPE  LOCAL  DEFAULT    1 .L3
    49: 004003de     0 NOTYPE  LOCAL  DEFAULT    1 .L7
    50: 00400498     0 NOTYPE  LOCAL  DEFAULT    1 .L8
    51: 004003fe     0 NOTYPE  LOCAL  DEFAULT    1 .L9
    52: 0040046a     0 NOTYPE  LOCAL  DEFAULT    1 .L10
    53: 004004ba     0 NOTYPE  LOCAL  DEFAULT    1 .L12
    54: 00400594     0 NOTYPE  LOCAL  DEFAULT    1 .L13
    55: 004004da     0 NOTYPE  LOCAL  DEFAULT    1 .L14
    56: 00400528     0 NOTYPE  LOCAL  DEFAULT    1 .L15
    57: 0040054e     0 NOTYPE  LOCAL  DEFAULT    1 .L16
    58: 00400626     0 NOTYPE  LOCAL  DEFAULT    1 .L20
    59: 00400892     0 NOTYPE  LOCAL  DEFAULT    1 .L21
    60: 00400662     0 NOTYPE  LOCAL  DEFAULT    1 .L22
    61: 00400636     0 NOTYPE  LOCAL  DEFAULT    1 .Llt8
    62: 0040066e     0 NOTYPE  LOCAL  DEFAULT    1 .L29
    63: 0040062e     0 NOTYPE  LOCAL  DEFAULT    1 .L25
    64: 00400670     0 NOTYPE  LOCAL  DEFAULT    1 .L24
    65: 00400682     0 NOTYPE  LOCAL  DEFAULT    1 .L26
    66: 00400794     0 NOTYPE  LOCAL  DEFAULT    1 .L27
    67: 0040079e     0 NOTYPE  LOCAL  DEFAULT    1 .L28
    68: 0040427b     0 NOTYPE  LOCAL  DEFAULT    2 .LC1
    69: 00400984     0 NOTYPE  LOCAL  DEFAULT    1 .L41
    70: 00400a20     0 NOTYPE  LOCAL  DEFAULT    1 .L48
    71: 00400a86     0 NOTYPE  LOCAL  DEFAULT    1 .L49
    72: 00400a98     0 NOTYPE  LOCAL  DEFAULT    1 .L50
    73: 00400b10     0 NOTYPE  LOCAL  DEFAULT    1 .L53
    74: 00400b74     0 NOTYPE  LOCAL  DEFAULT    1 .L54
    75: 00400ba0     0 NOTYPE  LOCAL  DEFAULT    1 .L55
    76: 00400c54     0 NOTYPE  LOCAL  DEFAULT    1 .L58
    77: 00400cae     0 NOTYPE  LOCAL  DEFAULT    1 .L61
    78: 00400cd6     0 NOTYPE  LOCAL  DEFAULT    1 .L62
    79: 00400cfa     0 NOTYPE  LOCAL  DEFAULT    1 .L63
    80: 00400f68     0 NOTYPE  LOCAL  DEFAULT    1 .L82
    81: 00404288     0 NOTYPE  LOCAL  DEFAULT    2 .L80
    82: 00400f6a     0 NOTYPE  LOCAL  DEFAULT    1 .L66
    83: 00401022     0 NOTYPE  LOCAL  DEFAULT    1 .L86
    84: 0040102e     0 NOTYPE  LOCAL  DEFAULT    1 .L91
    85: 00400ffe     0 NOTYPE  LOCAL  DEFAULT    1 .L89
    86: 00401030     0 NOTYPE  LOCAL  DEFAULT    1 .L88
    87: 0040103e     0 NOTYPE  LOCAL  DEFAULT    1 .L90
    88: 004042b8     0 NOTYPE  LOCAL  DEFAULT    2 .LC2
    89: 00401118     0 NOTYPE  LOCAL  DEFAULT    1 .L95
    90: 00400d9a     0 NOTYPE  LOCAL  DEFAULT    1 .L68
    91: 00400e12     0 NOTYPE  LOCAL  DEFAULT    1 .L69
    92: 00400e1a     0 NOTYPE  LOCAL  DEFAULT    1 .L70
    93: 00400e2c     0 NOTYPE  LOCAL  DEFAULT    1 .L71
    94: 00400e3e     0 NOTYPE  LOCAL  DEFAULT    1 .L72
    95: 00400e5e     0 NOTYPE  LOCAL  DEFAULT    1 .L73
    96: 00400e74     0 NOTYPE  LOCAL  DEFAULT    1 .L74
    97: 00400e92     0 NOTYPE  LOCAL  DEFAULT    1 .L75
    98: 00400eb2     0 NOTYPE  LOCAL  DEFAULT    1 .L76
    99: 00400ed2     0 NOTYPE  LOCAL  DEFAULT    1 .L77
   100: 00400f06     0 NOTYPE  LOCAL  DEFAULT    1 .L78
   101: 00400f3e     0 NOTYPE  LOCAL  DEFAULT    1 .L79
   102: 00000000     0 FILE    LOCAL  DEFAULT  ABS syscall.c
   103: 00000000     0 FILE    LOCAL  DEFAULT  ABS consdrv.c
   104: 00404640    32 OBJECT  LOCAL  DEFAULT    4 _s_consReg
   105: 004019de    32 NOTYPE  LOCAL  DEFAULT    1 _consdrvInit
   106: 00401948   150 NOTYPE  LOCAL  DEFAULT    1 _consdrvIntr
   107: 004019fe   240 NOTYPE  LOCAL  DEFAULT    1 _consdrvCommand
   108: 0040163c   204 NOTYPE  LOCAL  DEFAULT    1 _sendChar
   109: 00401708   204 NOTYPE  LOCAL  DEFAULT    1 _sendString
   110: 004017d4   372 NOTYPE  LOCAL  DEFAULT    1 _consdrvIntrProc
   111: 004015fa     0 NOTYPE  LOCAL  DEFAULT    1 .Llt1
   112: 004015ae     0 NOTYPE  LOCAL  DEFAULT    1 .L2
   113: 00401692     0 NOTYPE  LOCAL  DEFAULT    1 .L4
   114: 004016ea     0 NOTYPE  LOCAL  DEFAULT    1 .L5
   115: 004016b2     0 NOTYPE  LOCAL  DEFAULT    1 .L6
   116: 0040177a     0 NOTYPE  LOCAL  DEFAULT    1 .L9
   117: 0040172c     0 NOTYPE  LOCAL  DEFAULT    1 .L10
   118: 004017c6     0 NOTYPE  LOCAL  DEFAULT    1 .L13
   119: 004018e6     0 NOTYPE  LOCAL  DEFAULT    1 .L15
   120: 00401824     0 NOTYPE  LOCAL  DEFAULT    1 .L16
   121: 0040188e     0 NOTYPE  LOCAL  DEFAULT    1 .L17
   122: 00401938     0 NOTYPE  LOCAL  DEFAULT    1 .L18
   123: 0040191a     0 NOTYPE  LOCAL  DEFAULT    1 .L19
   124: 0040192c     0 NOTYPE  LOCAL  DEFAULT    1 .L20
   125: 004019ca     0 NOTYPE  LOCAL  DEFAULT    1 .L23
   126: 00401964     0 NOTYPE  LOCAL  DEFAULT    1 .Llt2
   127: 004019c0     0 NOTYPE  LOCAL  DEFAULT    1 .L24
   128: 004019b4     0 NOTYPE  LOCAL  DEFAULT    1 .L25
   129: 0040195c     0 NOTYPE  LOCAL  DEFAULT    1 .L26
   130: 00401a36     0 NOTYPE  LOCAL  DEFAULT    1 .L32
   131: 00401ab8     0 NOTYPE  LOCAL  DEFAULT    1 .L33
   132: 00401adc     0 NOTYPE  LOCAL  DEFAULT    1 .L36
   133: 00401ade     0 NOTYPE  LOCAL  DEFAULT    1 .L34
   134: 00000000     0 FILE    LOCAL  DEFAULT  ABS lib.c
   135: 00401b24     0 NOTYPE  LOCAL  DEFAULT    1 .L2
   136: 00401b66     0 NOTYPE  LOCAL  DEFAULT    1 .L3
   137: 00401b52     0 NOTYPE  LOCAL  DEFAULT    1 .L4
   138: 00401b2c     0 NOTYPE  LOCAL  DEFAULT    1 .L5
   139: 00401be8     0 NOTYPE  LOCAL  DEFAULT    1 .L7
   140: 00401bb2     0 NOTYPE  LOCAL  DEFAULT    1 .L8
   141: 00401c8a     0 NOTYPE  LOCAL  DEFAULT    1 .L11
   142: 00401c64     0 NOTYPE  LOCAL  DEFAULT    1 .L12
   143: 00401ca0     0 NOTYPE  LOCAL  DEFAULT    1 .L13
   144: 00401c4c     0 NOTYPE  LOCAL  DEFAULT    1 .L14
   145: 00401cec     0 NOTYPE  LOCAL  DEFAULT    1 .L16
   146: 00401cd4     0 NOTYPE  LOCAL  DEFAULT    1 .L17
   147: 00401d68     0 NOTYPE  LOCAL  DEFAULT    1 .L20
   148: 00401d3c     0 NOTYPE  LOCAL  DEFAULT    1 .L21
   149: 00401dec     0 NOTYPE  LOCAL  DEFAULT    1 .L24
   150: 00401e18     0 NOTYPE  LOCAL  DEFAULT    1 .L25
   151: 00401e16     0 NOTYPE  LOCAL  DEFAULT    1 .L29
   152: 00401dd0     0 NOTYPE  LOCAL  DEFAULT    1 .L27
   153: 00401ebc     0 NOTYPE  LOCAL  DEFAULT    1 .L31
   154: 00401e8a     0 NOTYPE  LOCAL  DEFAULT    1 .L32
   155: 00401ecc     0 NOTYPE  LOCAL  DEFAULT    1 .L33
   156: 00401eca     0 NOTYPE  LOCAL  DEFAULT    1 .L37
   157: 00401e6e     0 NOTYPE  LOCAL  DEFAULT    1 .L35
   158: 00401f14     0 NOTYPE  LOCAL  DEFAULT    1 .L39
   159: 00401f26     0 NOTYPE  LOCAL  DEFAULT    1 .L40
   160: 00401f72     0 NOTYPE  LOCAL  DEFAULT    1 .L43
   161: 00401f56     0 NOTYPE  LOCAL  DEFAULT    1 .L44
   162: 00401fae     0 NOTYPE  LOCAL  DEFAULT    1 .L47
   163: 00401ff4     0 NOTYPE  LOCAL  DEFAULT    1 .L50
   164: 00401fde     0 NOTYPE  LOCAL  DEFAULT    1 .L51
   165: 004042c0     0 NOTYPE  LOCAL  DEFAULT    2 .LC0
   166: 004020f4     0 NOTYPE  LOCAL  DEFAULT    1 .L54
   167: 00402098     0 NOTYPE  LOCAL  DEFAULT    1 .L55
   168: 0040218e     0 NOTYPE  LOCAL  DEFAULT    1 .L56
   169: 00402164     0 NOTYPE  LOCAL  DEFAULT    1 .L57
   170: 0040212e     0 NOTYPE  LOCAL  DEFAULT    1 .L58
   171: 00402248     0 NOTYPE  LOCAL  DEFAULT    1 .L59
   172: 004021b6     0 NOTYPE  LOCAL  DEFAULT    1 .L60
   173: 004021c2     0 NOTYPE  LOCAL  DEFAULT    1 .L70
   174: 00402196     0 NOTYPE  LOCAL  DEFAULT    1 .L63
   175: 004021c4     0 NOTYPE  LOCAL  DEFAULT    1 .L62
   176: 004021dc     0 NOTYPE  LOCAL  DEFAULT    1 .L64
   177: 00402222     0 NOTYPE  LOCAL  DEFAULT    1 .L65
   178: 004021ec     0 NOTYPE  LOCAL  DEFAULT    1 .L66
   179: 00402262     0 NOTYPE  LOCAL  DEFAULT    1 .L67
   180: 00402270     0 NOTYPE  LOCAL  DEFAULT    1 .L68
   181: 004022b2     0 NOTYPE  LOCAL  DEFAULT    1 .L72
   182: 004023fc     0 NOTYPE  LOCAL  DEFAULT    1 .L73
   183: 004022c4     0 NOTYPE  LOCAL  DEFAULT    1 .L74
   184: 004022cc     0 NOTYPE  LOCAL  DEFAULT    1 .L75
   185: 004023e2     0 NOTYPE  LOCAL  DEFAULT    1 .L76
   186: 0040231e     0 NOTYPE  LOCAL  DEFAULT    1 .L77
   187: 004023ac     0 NOTYPE  LOCAL  DEFAULT    1 .L78
   188: 00402362     0 NOTYPE  LOCAL  DEFAULT    1 .L79
   189: 004023a6     0 NOTYPE  LOCAL  DEFAULT    1 .L80
   190: 004022d8     0 NOTYPE  LOCAL  DEFAULT    1 .L81
   191: 0040242c     0 NOTYPE  LOCAL  DEFAULT    1 .L83
   192: 0040242e     0 NOTYPE  LOCAL  DEFAULT    1 .L84
   193: 00402476     0 NOTYPE  LOCAL  DEFAULT    1 .L86
   194: 00402462     0 NOTYPE  LOCAL  DEFAULT    1 .L87
   195: 00402458     0 NOTYPE  LOCAL  DEFAULT    1 .L88
   196: 00402450     0 NOTYPE  LOCAL  DEFAULT    1 .L89
   197: 004024ae     0 NOTYPE  LOCAL  DEFAULT    1 .L91
   198: 004024a4     0 NOTYPE  LOCAL  DEFAULT    1 .L92
   199: 00000000     0 FILE    LOCAL  DEFAULT  ABS serial.c
   200: 0040257e     0 NOTYPE  LOCAL  DEFAULT    1 .L4
   201: 004025dc     0 NOTYPE  LOCAL  DEFAULT    1 .L7
   202: 0040261e     0 NOTYPE  LOCAL  DEFAULT    1 .L10
   203: 0040268e     0 NOTYPE  LOCAL  DEFAULT    1 .L13
   204: 0040271c     0 NOTYPE  LOCAL  DEFAULT    1 .L16
   205: 00402812     0 NOTYPE  LOCAL  DEFAULT    1 .L21
   206: 00000000     0 FILE    LOCAL  DEFAULT  ABS interrupt.c
   207: 004028e2     0 NOTYPE  LOCAL  DEFAULT    1 .L2
   208: 004028cc     0 NOTYPE  LOCAL  DEFAULT    1 .L3
   209: 00402986     0 NOTYPE  LOCAL  DEFAULT    1 .L7
   210: 00000000     0 FILE    LOCAL  DEFAULT  ABS dram.c
   211: 00402af2     0 NOTYPE  LOCAL  DEFAULT    1 .L4
   212: 00402a4a     0 NOTYPE  LOCAL  DEFAULT    1 .L5
   213: 004042d1     0 NOTYPE  LOCAL  DEFAULT    2 .LC0
   214: 004042d4     0 NOTYPE  LOCAL  DEFAULT    2 .LC1
   215: 004042d7     0 NOTYPE  LOCAL  DEFAULT    2 .LC2
   216: 00402a26     0 NOTYPE  LOCAL  DEFAULT    1 .L6
   217: 00402b62     0 NOTYPE  LOCAL  DEFAULT    1 .L8
   218: 00402b3e     0 NOTYPE  LOCAL  DEFAULT    1 .L9
   219: 00000000     0 FILE    LOCAL  DEFAULT  ABS memory.c
   220: 004043e4    24 OBJECT  LOCAL  DEFAULT    3 _s_Pool
   221: 00402dde   218 NOTYPE  LOCAL  DEFAULT    1 _memPoolInit
   222: 004043fc     4 OBJECT  LOCAL  DEFAULT    3 _pcArea___1146
   223: 00402c3c     0 NOTYPE  LOCAL  DEFAULT    1 .L2
   224: 00402c1a     0 NOTYPE  LOCAL  DEFAULT    1 .L3
   225: 00402d06     0 NOTYPE  LOCAL  DEFAULT    1 .L6
   226: 00402cfc     0 NOTYPE  LOCAL  DEFAULT    1 .L7
   227: 00402cb6     0 NOTYPE  LOCAL  DEFAULT    1 .L8
   228: 00402d18     0 NOTYPE  LOCAL  DEFAULT    1 .L9
   229: 00402c6c     0 NOTYPE  LOCAL  DEFAULT    1 .L10
   230: 00402dce     0 NOTYPE  LOCAL  DEFAULT    1 .L12
   231: 00402dc4     0 NOTYPE  LOCAL  DEFAULT    1 .L13
   232: 00402dba     0 NOTYPE  LOCAL  DEFAULT    1 .L14
   233: 00402dd2     0 NOTYPE  LOCAL  DEFAULT    1 .L11
   234: 00402d62     0 NOTYPE  LOCAL  DEFAULT    1 .L16
   235: 00402e94     0 NOTYPE  LOCAL  DEFAULT    1 .L18
   236: 00402e16     0 NOTYPE  LOCAL  DEFAULT    1 .L19
   237: 00000000     0 FILE    LOCAL  DEFAULT  ABS sl811.c
   238: 00404660    16 OBJECT  LOCAL  DEFAULT    4 _s_sl8
   239: 00402eb8    46 NOTYPE  LOCAL  DEFAULT    1 _sl8Read
   240: 00402ee6    54 NOTYPE  LOCAL  DEFAULT    1 _sl8Write
   241: 00402f1c   118 NOTYPE  LOCAL  DEFAULT    1 _sl8BufRead
   242: 00402f92   118 NOTYPE  LOCAL  DEFAULT    1 _sl8BufWrite
   243: 00403008   240 NOTYPE  LOCAL  DEFAULT    1 _sl8RegTest
   244: 004030f8   332 NOTYPE  LOCAL  DEFAULT    1 _sl8Reset
   245: 00403244   206 NOTYPE  LOCAL  DEFAULT    1 _write_setup
   246: 00404400     8 OBJECT  LOCAL  DEFAULT    3 _getdesc___1136
   247: 00404408     8 OBJECT  LOCAL  DEFAULT    3 _setaddr___1137
   248: 00402f76     0 NOTYPE  LOCAL  DEFAULT    1 .L6
   249: 00402f4c     0 NOTYPE  LOCAL  DEFAULT    1 .L7
   250: 00402fec     0 NOTYPE  LOCAL  DEFAULT    1 .L10
   251: 00402fc2     0 NOTYPE  LOCAL  DEFAULT    1 .L11
   252: 0040305e     0 NOTYPE  LOCAL  DEFAULT    1 .L14
   253: 00403024     0 NOTYPE  LOCAL  DEFAULT    1 .L15
   254: 004030a0     0 NOTYPE  LOCAL  DEFAULT    1 .L16
   255: 00403096     0 NOTYPE  LOCAL  DEFAULT    1 .L17
   256: 00403072     0 NOTYPE  LOCAL  DEFAULT    1 .L18
   257: 004030dc     0 NOTYPE  LOCAL  DEFAULT    1 .L19
   258: 004030b4     0 NOTYPE  LOCAL  DEFAULT    1 .L20
   259: 0040313a     0 NOTYPE  LOCAL  DEFAULT    1 .L23
   260: 00403128     0 NOTYPE  LOCAL  DEFAULT    1 .L24
   261: 00403176     0 NOTYPE  LOCAL  DEFAULT    1 .L25
   262: 0040323a     0 NOTYPE  LOCAL  DEFAULT    1 .L26
   263: 004031f8     0 NOTYPE  LOCAL  DEFAULT    1 .L27
   264: 004031ec     0 NOTYPE  LOCAL  DEFAULT    1 .L28
   265: 004031da     0 NOTYPE  LOCAL  DEFAULT    1 .L29
   266: 00403230     0 NOTYPE  LOCAL  DEFAULT    1 .L30
   267: 0040329e     0 NOTYPE  LOCAL  DEFAULT    1 .L32
   268: 004032d8     0 NOTYPE  LOCAL  DEFAULT    1 .L33
   269: 004032f0     0 NOTYPE  LOCAL  DEFAULT    1 .L34
   270: 00403302     0 NOTYPE  LOCAL  DEFAULT    1 .L35
   271: 0040339c     0 NOTYPE  LOCAL  DEFAULT    1 .L40
   272: 00403478     0 NOTYPE  LOCAL  DEFAULT    1 .L41
   273: 004033fc     0 NOTYPE  LOCAL  DEFAULT    1 .L42
   274: 004033fe     0 NOTYPE  LOCAL  DEFAULT    1 .L43
   275: 00403410     0 NOTYPE  LOCAL  DEFAULT    1 .L44
   276: 0040344a     0 NOTYPE  LOCAL  DEFAULT    1 .L45
   277: 00403462     0 NOTYPE  LOCAL  DEFAULT    1 .L46
   278: 00403474     0 NOTYPE  LOCAL  DEFAULT    1 .L47
   279: 004034ae     0 NOTYPE  LOCAL  DEFAULT    1 .L49
   280: 004035c0     0 NOTYPE  LOCAL  DEFAULT    1 .L50
   281: 00403546     0 NOTYPE  LOCAL  DEFAULT    1 .L51
   282: 004034fe     0 NOTYPE  LOCAL  DEFAULT    1 .L52
   283: 00403500     0 NOTYPE  LOCAL  DEFAULT    1 .L53
   284: 00403512     0 NOTYPE  LOCAL  DEFAULT    1 .L54
   285: 00403552     0 NOTYPE  LOCAL  DEFAULT    1 .L62
   286: 004034ec     0 NOTYPE  LOCAL  DEFAULT    1 .L57
   287: 00403554     0 NOTYPE  LOCAL  DEFAULT    1 .L56
   288: 00403574     0 NOTYPE  LOCAL  DEFAULT    1 .L58
   289: 00403592     0 NOTYPE  LOCAL  DEFAULT    1 .L59
   290: 004035aa     0 NOTYPE  LOCAL  DEFAULT    1 .L60
   291: 004035bc     0 NOTYPE  LOCAL  DEFAULT    1 .L61
   292: 004035ec     0 NOTYPE  LOCAL  DEFAULT    1 .L64
   293: 004035f8     0 NOTYPE  LOCAL  DEFAULT    1 .L65
   294: 0040362c     0 NOTYPE  LOCAL  DEFAULT    1 .L67
   295: 0040377e     0 NOTYPE  LOCAL  DEFAULT    1 .L80
   296: 00403748     0 NOTYPE  LOCAL  DEFAULT    1 .L71
   297: 0040373a     0 NOTYPE  LOCAL  DEFAULT    1 .L72
   298: 0040375a     0 NOTYPE  LOCAL  DEFAULT    1 .L81
   299: 00403764     0 NOTYPE  LOCAL  DEFAULT    1 .L82
   300: 00403768     0 NOTYPE  LOCAL  DEFAULT    1 .L83
   301: 0040376c     0 NOTYPE  LOCAL  DEFAULT    1 .L84
   302: 00403770     0 NOTYPE  LOCAL  DEFAULT    1 .L85
   303: 00403774     0 NOTYPE  LOCAL  DEFAULT    1 .L86
   304: 00403778     0 NOTYPE  LOCAL  DEFAULT    1 .L87
   305: 0040377a     0 NOTYPE  LOCAL  DEFAULT    1 .L74
   306: 00000000     0 FILE    LOCAL  DEFAULT  ABS usb.c
   307: 00403922     0 NOTYPE  LOCAL  DEFAULT    1 .L2
   308: 00403842     0 NOTYPE  LOCAL  DEFAULT    1 .L3
   309: 00403884     0 NOTYPE  LOCAL  DEFAULT    1 .L4
   310: 004038ce     0 NOTYPE  LOCAL  DEFAULT    1 .L5
   311: 004038f2     0 NOTYPE  LOCAL  DEFAULT    1 .L6
   312: 004038fe     0 NOTYPE  LOCAL  DEFAULT    1 .L7
   313: 00403834     0 NOTYPE  LOCAL  DEFAULT    1 .L8
   314: 00403998     0 NOTYPE  LOCAL  DEFAULT    1 .L10
   315: 004042d9     0 NOTYPE  LOCAL  DEFAULT    2 .LC0
   316: 0040402c     0 NOTYPE  LOCAL  DEFAULT    1 .L31
   317: 004039ca     0 NOTYPE  LOCAL  DEFAULT    1 .L12
   318: 004042e9     0 NOTYPE  LOCAL  DEFAULT    2 .LC1
   319: 004042fc     0 NOTYPE  LOCAL  DEFAULT    2 .LC2
   320: 00404311     0 NOTYPE  LOCAL  DEFAULT    2 .LC3
   321: 00403ad8     0 NOTYPE  LOCAL  DEFAULT    1 .L13
   322: 00404321     0 NOTYPE  LOCAL  DEFAULT    2 .LC4
   323: 00403aa4     0 NOTYPE  LOCAL  DEFAULT    1 .L14
   324: 00403b6a     0 NOTYPE  LOCAL  DEFAULT    1 .L15
   325: 00404323     0 NOTYPE  LOCAL  DEFAULT    2 .LC5
   326: 00403bbe     0 NOTYPE  LOCAL  DEFAULT    1 .L16
   327: 00403b8a     0 NOTYPE  LOCAL  DEFAULT    1 .L17
   328: 00403d3a     0 NOTYPE  LOCAL  DEFAULT    1 .L18
   329: 0040433a     0 NOTYPE  LOCAL  DEFAULT    2 .LC6
   330: 00403c76     0 NOTYPE  LOCAL  DEFAULT    1 .L19
   331: 00403c42     0 NOTYPE  LOCAL  DEFAULT    1 .L20
   332: 0040434a     0 NOTYPE  LOCAL  DEFAULT    2 .LC7
   333: 00403d20     0 NOTYPE  LOCAL  DEFAULT    1 .L21
   334: 00403cfe     0 NOTYPE  LOCAL  DEFAULT    1 .L22
   335: 0040434d     0 NOTYPE  LOCAL  DEFAULT    2 .LC8
   336: 0040434f     0 NOTYPE  LOCAL  DEFAULT    2 .LC9
   337: 00403e0c     0 NOTYPE  LOCAL  DEFAULT    1 .L23
   338: 00403dd8     0 NOTYPE  LOCAL  DEFAULT    1 .L24
   339: 00403f2e     0 NOTYPE  LOCAL  DEFAULT    1 .L25
   340: 00403f3e     0 NOTYPE  LOCAL  DEFAULT    1 .L32
   341: 00404362     0 NOTYPE  LOCAL  DEFAULT    2 .LC10
   342: 00404372     0 NOTYPE  LOCAL  DEFAULT    2 .LC11
   343: 00403f1a     0 NOTYPE  LOCAL  DEFAULT    1 .L28
   344: 00403ee6     0 NOTYPE  LOCAL  DEFAULT    1 .L29
   345: 00403e4e     0 NOTYPE  LOCAL  DEFAULT    1 .L30
   346: 00403f40     0 NOTYPE  LOCAL  DEFAULT    1 .L27
   347: 00404377     0 NOTYPE  LOCAL  DEFAULT    2 .LC12
   348: 0040438c     0 NOTYPE  LOCAL  DEFAULT    2 .LC13
   349: 0040438e     0 NOTYPE  LOCAL  DEFAULT    2 .LC14
   350: 00404396     0 NOTYPE  LOCAL  DEFAULT    2 .LC15
   351: 0040439f     0 NOTYPE  LOCAL  DEFAULT    2 .LC16
   352: 004043a6     0 NOTYPE  LOCAL  DEFAULT    2 .LC17
   353: 004043ab     0 NOTYPE  LOCAL  DEFAULT    2 .LC18
   354: 00000000     0 FILE    LOCAL  DEFAULT  ABS command.c
   355: 0040403e    98 NOTYPE  LOCAL  DEFAULT    1 _sendUse
   356: 004040a0   140 NOTYPE  LOCAL  DEFAULT    1 _sendWrite
   357: 004043b2     0 NOTYPE  LOCAL  DEFAULT    2 .LC0
   358: 004043b8     0 NOTYPE  LOCAL  DEFAULT    2 .LC1
   359: 004041c0     0 NOTYPE  LOCAL  DEFAULT    1 .L6
   360: 004043bd     0 NOTYPE  LOCAL  DEFAULT    2 .LC2
   361: 00404222     0 NOTYPE  LOCAL  DEFAULT    1 .L7
   362: 004043bf     0 NOTYPE  LOCAL  DEFAULT    2 .LC3
   363: 004041e8     0 NOTYPE  LOCAL  DEFAULT    1 .L8
   364: 004043c3     0 NOTYPE  LOCAL  DEFAULT    2 .LC4
   365: 00404218     0 NOTYPE  LOCAL  DEFAULT    1 .L9
   366: 004043c8     0 NOTYPE  LOCAL  DEFAULT    2 .LC5
   367: 00404156     0 NOTYPE  LOCAL  DEFAULT    1 .L10
   368: 00400100     0 NOTYPE  GLOBAL DEFAULT    1 _text_top
   369: 0040412c   262 NOTYPE  GLOBAL DEFAULT    1 _command_main
   370: 00404234     0 NOTYPE  GLOBAL DEFAULT    2 _rodata_top
   371: 0040034c    70 NOTYPE  GLOBAL DEFAULT    1 _kzSyscall
   372: 00404410     0 NOTYPE  GLOBAL DEFAULT    3 _data_btm
   373: 004029f2   284 NOTYPE  GLOBAL DEFAULT    1 _dramCheck01
   374: 004024c6   114 NOTYPE  GLOBAL DEFAULT    1 _srlInit
   375: 00401d98   146 NOTYPE  GLOBAL DEFAULT    1 _strcmp
   376: 004027c6    94 NOTYPE  GLOBAL DEFAULT    1 _srlIntrIsRecvEnable
   377: 0040113a   124 NOTYPE  GLOBAL DEFAULT    1 _kzRun
   378: 0040395c  1762 NOTYPE  GLOBAL DEFAULT    1 _usb_main
   379: 0040126e    50 NOTYPE  GLOBAL DEFAULT    1 _kzGetId
   380: 0040131a    66 NOTYPE  GLOBAL DEFAULT    1 _kzMfree
   381: 00404670     4 OBJECT  GLOBAL DEFAULT    4 _test09_3_id
   382: 0040122c    66 NOTYPE  GLOBAL DEFAULT    1 _kzWakeup
   383: 00401ede    88 NOTYPE  GLOBAL DEFAULT    1 _putc
   384: 004026d6    88 NOTYPE  GLOBAL DEFAULT    1 _srlIntrIsSendEnable
   385: 004011fc    48 NOTYPE  GLOBAL DEFAULT    1 _kzSleep
   386: 00401f8c    58 NOTYPE  GLOBAL DEFAULT    1 _getc
   387: 00404410     0 NOTYPE  GLOBAL DEFAULT    4 _bss_top
   388: 00401f36    86 NOTYPE  GLOBAL DEFAULT    1 _puts
   389: 00400000     0 NOTYPE  GLOBAL DEFAULT    1 _softvec
   390: 0040010c     0 FUNC    GLOBAL DEFAULT    1 _dispatch
   391: 00402280   394 NOTYPE  GLOBAL DEFAULT    1 _asc2hex
   392: 00401582   186 NOTYPE  GLOBAL DEFAULT    1 _consdrv_main
   393: 00403602   394 NOTYPE  GLOBAL DEFAULT    1 _ioctl_sl811
   394: 00401528    90 NOTYPE  GLOBAL DEFAULT    1 _srvSend
   395: 004043d4     0 NOTYPE  GLOBAL DEFAULT    3 _data_top
   396: 0040272e    76 NOTYPE  GLOBAL DEFAULT    1 _srlIntrSetSendEnable
   397: 004012a0    60 NOTYPE  GLOBAL DEFAULT    1 _kzChgPri
   398: 004025ee   116 NOTYPE  GLOBAL DEFAULT    1 _srlSendByte
   399: 00404680     0 NOTYPE  GLOBAL DEFAULT    5 _freearea
   400: 004028f8    62 NOTYPE  GLOBAL DEFAULT    1 _svSetHandler
   401: 00401fc6   102 NOTYPE  GLOBAL DEFAULT    1 _gets
   402: 00401466    66 NOTYPE  GLOBAL DEFAULT    1 _srvWakeup
   403: 00402d26   184 NOTYPE  GLOBAL DEFAULT    1 _kzFree
   404: 00404680     0 NOTYPE  GLOBAL DEFAULT    4 _bss_btm
   405: 00401b74   154 NOTYPE  GLOBAL DEFAULT    1 _memcpy
   406: 0040378c   464 NOTYPE  GLOBAL DEFAULT    1 _get_desc
   407: 00401aee   134 NOTYPE  GLOBAL DEFAULT    1 _memset
   408: 00402662   116 NOTYPE  GLOBAL DEFAULT    1 _srlRecvByte
   409: 00501000     0 NOTYPE  GLOBAL DEFAULT    5 _bootstack
   410: 00402c52   212 NOTYPE  GLOBAL DEFAULT    1 _kzAlloc
   411: 00404232     0 NOTYPE  GLOBAL DEFAULT    1 _text_btm
   412: 00403372   276 NOTYPE  GLOBAL DEFAULT    1 _write_sl811
   413: 00404674     4 OBJECT  GLOBAL DEFAULT    4 _test09_2_id
   414: 00402936    92 NOTYPE  GLOBAL DEFAULT    1 _svInterrupt
   415: 00400100     0 FUNC    GLOBAL DEFAULT    1 _start
   416: 00402824    76 NOTYPE  GLOBAL DEFAULT    1 _srlIntrSetRecvEnable
   417: 00402870    76 NOTYPE  GLOBAL DEFAULT    1 _srlIntrSetRecvDisable
   418: 00402538    88 NOTYPE  GLOBAL DEFAULT    1 _srlIsSendEnable
   419: 00402c0a    72 NOTYPE  GLOBAL DEFAULT    1 _kzMemInit
   420: 00502000     0 NOTYPE  GLOBAL DEFAULT    5 _intrstack
   421: 0040277a    76 NOTYPE  GLOBAL DEFAULT    1 _srlIntrSetSendDisable
   422: 00402b0e   252 NOTYPE  GLOBAL DEFAULT    1 _dramCheck02
   423: 00400392    50 NOTYPE  GLOBAL DEFAULT    1 _kzSrvcall
   424: 004014e6    66 NOTYPE  GLOBAL DEFAULT    1 _srvMfree
   425: 004035ce    52 NOTYPE  GLOBAL DEFAULT    1 _seek_sl811
   426: 00401d0a   142 NOTYPE  GLOBAL DEFAULT    1 _strcpy
   427: 00401c0e   160 NOTYPE  GLOBAL DEFAULT    1 _memcmp
   428: 004043d2     0 NOTYPE  GLOBAL DEFAULT    2 _rodata_btm
   429: 00500000     0 NOTYPE  GLOBAL DEFAULT    5 _userstack
   430: 0040033a    18 NOTYPE  GLOBAL DEFAULT    1 _kzSysdown
   431: 00403312    96 NOTYPE  GLOBAL DEFAULT    1 _sl811Init
   432: 0040202c   596 NOTYPE  GLOBAL DEFAULT    1 _printhex
   433: 0040135c    90 NOTYPE  GLOBAL DEFAULT    1 _kzSend
   434: 004014a8    62 NOTYPE  GLOBAL DEFAULT    1 _srvMalloc
   435: 00402438    84 NOTYPE  GLOBAL DEFAULT    1 _waitms
   436: 00404678     4 OBJECT  GLOBAL DEFAULT    4 _ppcOsEntryFp
   437: 004043d8    12 OBJECT  GLOBAL DEFAULT    3 _s_pSciRegs
   438: 00401e2a   180 NOTYPE  GLOBAL DEFAULT    1 _strncmp
   439: 0040467c     4 OBJECT  GLOBAL DEFAULT    4 _test09_1_id
   440: 00404680     0 NOTYPE  GLOBAL DEFAULT  ABS _end
   441: 0040240a    46 NOTYPE  GLOBAL DEFAULT    1 _isdigit
   442: 004013b6    98 NOTYPE  GLOBAL DEFAULT    1 _kzRecv
   443: 00403486   328 NOTYPE  GLOBAL DEFAULT    1 _read_sl811
   444: 00401418    78 NOTYPE  GLOBAL DEFAULT    1 _kzSetIntr
   445: 00401cae    92 NOTYPE  GLOBAL DEFAULT    1 _strlen
   446: 004012dc    62 NOTYPE  GLOBAL DEFAULT    1 _kzMalloc
   447: 004011cc    48 NOTYPE  GLOBAL DEFAULT    1 _kzWait
   448: 0040248c    58 NOTYPE  GLOBAL DEFAULT    1 _waitus
   449: 004011b6    22 NOTYPE  GLOBAL DEFAULT    1 _kzExit
   450: 00402590    94 NOTYPE  GLOBAL DEFAULT    1 _srlIsRecvEnable
   451: 00402992    96 NOTYPE  GLOBAL DEFAULT    1 _dramInit
   452: 0040012e   118 NOTYPE  GLOBAL DEFAULT    1 _main
   453: 004028bc    60 NOTYPE  GLOBAL DEFAULT    1 _svInit
   454: 00400246   244 NOTYPE  GLOBAL DEFAULT    1 _kzStart

No version information found in this file.
