ELF Header:
  Magic:   7f 45 4c 46 01 02 01 00 00 00 00 00 00 00 00 00 
  Class:                             ELF32
  Data:                              2's complement, big endian
  Version:                           1 (current)
  OS/ABI:                            UNIX - System V
  ABI Version:                       0
  Type:                              EXEC (Executable file)
  Machine:                           Renesas H8/300
  Version:                           0x1
  Entry point address:               0x400100
  Start of program headers:          52 (bytes into file)
  Start of section headers:          24648 (bytes into file)
  Flags:                             0x810000
  Size of this header:               52 (bytes)
  Size of program headers:           32 (bytes)
  Number of program headers:         2
  Size of section headers:           40 (bytes)
  Number of section headers:         9
  Section header string table index: 6

Section Headers:
  [Nr] Name              Type            Addr     Off    Size   ES Flg Lk Inf Al
  [ 0]                   NULL            00000000 000000 000000 00      0   0  0
  [ 1] .text             PROGBITS        00400100 000074 005d64 00  AX  0   0  2
  [ 2] .rodata           PROGBITS        00405e64 005dd8 0001bf 00   A  0   0  4
  [ 3] .data             PROGBITS        00406024 005f98 000054 00  WA  0   0  4
  [ 4] .bss              NOBITS          00406078 005fec 0002bc 00  WA  0   0  4
  [ 5] .comment          PROGBITS        00000000 005fec 00001c 01  MS  0   0  1
  [ 6] .shstrtab         STRTAB          00000000 006008 00003d 00      0   0  1
  [ 7] .symtab           SYMTAB          00000000 0061b0 0025b0 10      8 520  4
  [ 8] .strtab           STRTAB          00000000 008760 000cf3 00      0   0  1
Key to Flags:
  W (write), A (alloc), X (execute), M (merge), S (strings)
  I (info), L (link order), G (group), T (TLS), E (exclude), x (unknown)
  O (extra OS processing required) o (OS specific), p (processor specific)

There are no section groups in this file.

Program Headers:
  Type           Offset   VirtAddr   PhysAddr   FileSiz MemSiz  Flg Align
  LOAD           0x000000 0x0040008c 0x0040008c 0x05f97 0x05f97 R E 0x1
  LOAD           0x005f98 0x00406024 0x00406024 0x00054 0x00310 RW  0x1

 Section to Segment mapping:
  Segment Sections...
   00     .text .rodata 
   01     .data .bss 

There is no dynamic section in this file.

There are no relocations in this file.

The decoding of unwind sections for machine type Renesas H8/300 is not currently supported.

Symbol table '.symtab' contains 603 entries:
   Num:    Value  Size Type    Bind   Vis      Ndx Name
     0: 00000000     0 NOTYPE  LOCAL  DEFAULT  UND 
     1: 00400100     0 SECTION LOCAL  DEFAULT    1 
     2: 00405e64     0 SECTION LOCAL  DEFAULT    2 
     3: 00406024     0 SECTION LOCAL  DEFAULT    3 
     4: 00406078     0 SECTION LOCAL  DEFAULT    4 
     5: 00000000     0 SECTION LOCAL  DEFAULT    5 
     6: 0040010a     0 NOTYPE  LOCAL  DEFAULT    1 .L1^B1
     7: 00000000     0 FILE    LOCAL  DEFAULT  ABS main.c
     8: 004001a4   162 NOTYPE  LOCAL  DEFAULT    1 _startThreads
     9: 00405e64     0 NOTYPE  LOCAL  DEFAULT    2 .LC0
    10: 00405e79     0 NOTYPE  LOCAL  DEFAULT    2 .LC1
    11: 00405e7e     0 NOTYPE  LOCAL  DEFAULT    2 .LC2
    12: 00405e8c     0 NOTYPE  LOCAL  DEFAULT    2 .LC3
    13: 00405e94     0 NOTYPE  LOCAL  DEFAULT    2 .LC4
    14: 00400242     0 NOTYPE  LOCAL  DEFAULT    1 .L4
    15: 00000000     0 FILE    LOCAL  DEFAULT  ABS kozos.c
    16: 00406078   128 OBJECT  LOCAL  DEFAULT    4 _s_readyQ
    17: 004060f8     4 OBJECT  LOCAL  DEFAULT    4 _s_pCurrentThread
    18: 004060fc   384 OBJECT  LOCAL  DEFAULT    4 _s_threads
    19: 0040627c    12 OBJECT  LOCAL  DEFAULT    4 _s_ppHandlers
    20: 00406288    32 OBJECT  LOCAL  DEFAULT    4 _s_msgBoxes
    21: 00401064    46 NOTYPE  LOCAL  DEFAULT    1 _syscallIntr
    22: 00400d08    82 NOTYPE  LOCAL  DEFAULT    1 _threadSetIntr
    23: 00401092    46 NOTYPE  LOCAL  DEFAULT    1 _softerrIntr
    24: 004005ee   690 NOTYPE  LOCAL  DEFAULT    1 _threadRun
    25: 00400fb2    60 NOTYPE  LOCAL  DEFAULT    1 _srvcallProc
    26: 004003c4   220 NOTYPE  LOCAL  DEFAULT    1 _getCurrentThread
    27: 004004a0   252 NOTYPE  LOCAL  DEFAULT    1 _putCurrentThread
    28: 0040059c    16 NOTYPE  LOCAL  DEFAULT    1 _threadEnd
    29: 004005ac    66 NOTYPE  LOCAL  DEFAULT    1 _threadInit
    30: 00406024     4 OBJECT  LOCAL  DEFAULT    3 _pThreadStack___1262
    31: 004008a0    62 NOTYPE  LOCAL  DEFAULT    1 _threadExit
    32: 004008de    20 NOTYPE  LOCAL  DEFAULT    1 _threadWait
    33: 004008f2    16 NOTYPE  LOCAL  DEFAULT    1 _threadSleep
    34: 00400902    48 NOTYPE  LOCAL  DEFAULT    1 _threadWakeup
    35: 00400932    26 NOTYPE  LOCAL  DEFAULT    1 _threadGetId
    36: 0040094c    76 NOTYPE  LOCAL  DEFAULT    1 _threadChgPri
    37: 00400998    38 NOTYPE  LOCAL  DEFAULT    1 _threadMalloc
    38: 004009be    42 NOTYPE  LOCAL  DEFAULT    1 _threadMfree
    39: 004009e8   208 NOTYPE  LOCAL  DEFAULT    1 _sendMsg
    40: 00400ab8   270 NOTYPE  LOCAL  DEFAULT    1 _recvMsg
    41: 00400bc6   160 NOTYPE  LOCAL  DEFAULT    1 _threadSendMsg
    42: 00400c66   162 NOTYPE  LOCAL  DEFAULT    1 _threadRecvMsg
    43: 004010c0   122 NOTYPE  LOCAL  DEFAULT    1 _threadIntr
    44: 00400d5a   546 NOTYPE  LOCAL  DEFAULT    1 _callFunctions
    45: 00400f7c    54 NOTYPE  LOCAL  DEFAULT    1 _syscallProc
    46: 00400fee   118 NOTYPE  LOCAL  DEFAULT    1 _schedule
    47: 00405e9c     0 NOTYPE  LOCAL  DEFAULT    2 .LC0
    48: 0040034a     0 NOTYPE  LOCAL  DEFAULT    1 .L3
    49: 004003de     0 NOTYPE  LOCAL  DEFAULT    1 .L7
    50: 00400498     0 NOTYPE  LOCAL  DEFAULT    1 .L8
    51: 004003fe     0 NOTYPE  LOCAL  DEFAULT    1 .L9
    52: 0040046a     0 NOTYPE  LOCAL  DEFAULT    1 .L10
    53: 004004ba     0 NOTYPE  LOCAL  DEFAULT    1 .L12
    54: 00400594     0 NOTYPE  LOCAL  DEFAULT    1 .L13
    55: 004004da     0 NOTYPE  LOCAL  DEFAULT    1 .L14
    56: 00400528     0 NOTYPE  LOCAL  DEFAULT    1 .L15
    57: 0040054e     0 NOTYPE  LOCAL  DEFAULT    1 .L16
    58: 00400626     0 NOTYPE  LOCAL  DEFAULT    1 .L20
    59: 00400892     0 NOTYPE  LOCAL  DEFAULT    1 .L21
    60: 00400662     0 NOTYPE  LOCAL  DEFAULT    1 .L22
    61: 00400636     0 NOTYPE  LOCAL  DEFAULT    1 .Llt8
    62: 0040066e     0 NOTYPE  LOCAL  DEFAULT    1 .L29
    63: 0040062e     0 NOTYPE  LOCAL  DEFAULT    1 .L25
    64: 00400670     0 NOTYPE  LOCAL  DEFAULT    1 .L24
    65: 00400682     0 NOTYPE  LOCAL  DEFAULT    1 .L26
    66: 00400794     0 NOTYPE  LOCAL  DEFAULT    1 .L27
    67: 0040079e     0 NOTYPE  LOCAL  DEFAULT    1 .L28
    68: 00405eab     0 NOTYPE  LOCAL  DEFAULT    2 .LC1
    69: 00400984     0 NOTYPE  LOCAL  DEFAULT    1 .L41
    70: 00400a20     0 NOTYPE  LOCAL  DEFAULT    1 .L48
    71: 00400a86     0 NOTYPE  LOCAL  DEFAULT    1 .L49
    72: 00400a98     0 NOTYPE  LOCAL  DEFAULT    1 .L50
    73: 00400b10     0 NOTYPE  LOCAL  DEFAULT    1 .L53
    74: 00400b74     0 NOTYPE  LOCAL  DEFAULT    1 .L54
    75: 00400ba0     0 NOTYPE  LOCAL  DEFAULT    1 .L55
    76: 00400c54     0 NOTYPE  LOCAL  DEFAULT    1 .L58
    77: 00400cae     0 NOTYPE  LOCAL  DEFAULT    1 .L61
    78: 00400cd6     0 NOTYPE  LOCAL  DEFAULT    1 .L62
    79: 00400cfa     0 NOTYPE  LOCAL  DEFAULT    1 .L63
    80: 00400f68     0 NOTYPE  LOCAL  DEFAULT    1 .L82
    81: 00405eb8     0 NOTYPE  LOCAL  DEFAULT    2 .L80
    82: 00400f6a     0 NOTYPE  LOCAL  DEFAULT    1 .L66
    83: 00401022     0 NOTYPE  LOCAL  DEFAULT    1 .L86
    84: 0040102e     0 NOTYPE  LOCAL  DEFAULT    1 .L91
    85: 00400ffe     0 NOTYPE  LOCAL  DEFAULT    1 .L89
    86: 00401030     0 NOTYPE  LOCAL  DEFAULT    1 .L88
    87: 0040103e     0 NOTYPE  LOCAL  DEFAULT    1 .L90
    88: 00405ee8     0 NOTYPE  LOCAL  DEFAULT    2 .LC2
    89: 00401118     0 NOTYPE  LOCAL  DEFAULT    1 .L95
    90: 00400d9a     0 NOTYPE  LOCAL  DEFAULT    1 .L68
    91: 00400e12     0 NOTYPE  LOCAL  DEFAULT    1 .L69
    92: 00400e1a     0 NOTYPE  LOCAL  DEFAULT    1 .L70
    93: 00400e2c     0 NOTYPE  LOCAL  DEFAULT    1 .L71
    94: 00400e3e     0 NOTYPE  LOCAL  DEFAULT    1 .L72
    95: 00400e5e     0 NOTYPE  LOCAL  DEFAULT    1 .L73
    96: 00400e74     0 NOTYPE  LOCAL  DEFAULT    1 .L74
    97: 00400e92     0 NOTYPE  LOCAL  DEFAULT    1 .L75
    98: 00400eb2     0 NOTYPE  LOCAL  DEFAULT    1 .L76
    99: 00400ed2     0 NOTYPE  LOCAL  DEFAULT    1 .L77
   100: 00400f06     0 NOTYPE  LOCAL  DEFAULT    1 .L78
   101: 00400f3e     0 NOTYPE  LOCAL  DEFAULT    1 .L79
   102: 00000000     0 FILE    LOCAL  DEFAULT  ABS syscall.c
   103: 00000000     0 FILE    LOCAL  DEFAULT  ABS consdrv.c
   104: 004062a8    32 OBJECT  LOCAL  DEFAULT    4 _s_consReg
   105: 004019de    32 NOTYPE  LOCAL  DEFAULT    1 _consdrvInit
   106: 00401948   150 NOTYPE  LOCAL  DEFAULT    1 _consdrvIntr
   107: 004019fe   240 NOTYPE  LOCAL  DEFAULT    1 _consdrvCommand
   108: 0040163c   204 NOTYPE  LOCAL  DEFAULT    1 _sendChar
   109: 00401708   204 NOTYPE  LOCAL  DEFAULT    1 _sendString
   110: 004017d4   372 NOTYPE  LOCAL  DEFAULT    1 _consdrvIntrProc
   111: 004015fa     0 NOTYPE  LOCAL  DEFAULT    1 .Llt1
   112: 004015ae     0 NOTYPE  LOCAL  DEFAULT    1 .L2
   113: 00401692     0 NOTYPE  LOCAL  DEFAULT    1 .L4
   114: 004016ea     0 NOTYPE  LOCAL  DEFAULT    1 .L5
   115: 004016b2     0 NOTYPE  LOCAL  DEFAULT    1 .L6
   116: 0040177a     0 NOTYPE  LOCAL  DEFAULT    1 .L9
   117: 0040172c     0 NOTYPE  LOCAL  DEFAULT    1 .L10
   118: 004017c6     0 NOTYPE  LOCAL  DEFAULT    1 .L13
   119: 004018e6     0 NOTYPE  LOCAL  DEFAULT    1 .L15
   120: 00401824     0 NOTYPE  LOCAL  DEFAULT    1 .L16
   121: 0040188e     0 NOTYPE  LOCAL  DEFAULT    1 .L17
   122: 00401938     0 NOTYPE  LOCAL  DEFAULT    1 .L18
   123: 0040191a     0 NOTYPE  LOCAL  DEFAULT    1 .L19
   124: 0040192c     0 NOTYPE  LOCAL  DEFAULT    1 .L20
   125: 004019ca     0 NOTYPE  LOCAL  DEFAULT    1 .L23
   126: 00401964     0 NOTYPE  LOCAL  DEFAULT    1 .Llt2
   127: 004019c0     0 NOTYPE  LOCAL  DEFAULT    1 .L24
   128: 004019b4     0 NOTYPE  LOCAL  DEFAULT    1 .L25
   129: 0040195c     0 NOTYPE  LOCAL  DEFAULT    1 .L26
   130: 00401a36     0 NOTYPE  LOCAL  DEFAULT    1 .L32
   131: 00401ab8     0 NOTYPE  LOCAL  DEFAULT    1 .L33
   132: 00401adc     0 NOTYPE  LOCAL  DEFAULT    1 .L36
   133: 00401ade     0 NOTYPE  LOCAL  DEFAULT    1 .L34
   134: 00000000     0 FILE    LOCAL  DEFAULT  ABS lib.c
   135: 00401b24     0 NOTYPE  LOCAL  DEFAULT    1 .L2
   136: 00401b66     0 NOTYPE  LOCAL  DEFAULT    1 .L3
   137: 00401b52     0 NOTYPE  LOCAL  DEFAULT    1 .L4
   138: 00401b2c     0 NOTYPE  LOCAL  DEFAULT    1 .L5
   139: 00401be8     0 NOTYPE  LOCAL  DEFAULT    1 .L7
   140: 00401bb2     0 NOTYPE  LOCAL  DEFAULT    1 .L8
   141: 00401c8a     0 NOTYPE  LOCAL  DEFAULT    1 .L11
   142: 00401c64     0 NOTYPE  LOCAL  DEFAULT    1 .L12
   143: 00401ca0     0 NOTYPE  LOCAL  DEFAULT    1 .L13
   144: 00401c4c     0 NOTYPE  LOCAL  DEFAULT    1 .L14
   145: 00401cec     0 NOTYPE  LOCAL  DEFAULT    1 .L16
   146: 00401cd4     0 NOTYPE  LOCAL  DEFAULT    1 .L17
   147: 00401d68     0 NOTYPE  LOCAL  DEFAULT    1 .L20
   148: 00401d3c     0 NOTYPE  LOCAL  DEFAULT    1 .L21
   149: 00401dec     0 NOTYPE  LOCAL  DEFAULT    1 .L24
   150: 00401e18     0 NOTYPE  LOCAL  DEFAULT    1 .L25
   151: 00401e16     0 NOTYPE  LOCAL  DEFAULT    1 .L29
   152: 00401dd0     0 NOTYPE  LOCAL  DEFAULT    1 .L27
   153: 00401ebc     0 NOTYPE  LOCAL  DEFAULT    1 .L31
   154: 00401e8a     0 NOTYPE  LOCAL  DEFAULT    1 .L32
   155: 00401ecc     0 NOTYPE  LOCAL  DEFAULT    1 .L33
   156: 00401eca     0 NOTYPE  LOCAL  DEFAULT    1 .L37
   157: 00401e6e     0 NOTYPE  LOCAL  DEFAULT    1 .L35
   158: 00401f14     0 NOTYPE  LOCAL  DEFAULT    1 .L39
   159: 00401f26     0 NOTYPE  LOCAL  DEFAULT    1 .L40
   160: 00401f72     0 NOTYPE  LOCAL  DEFAULT    1 .L43
   161: 00401f56     0 NOTYPE  LOCAL  DEFAULT    1 .L44
   162: 00401fae     0 NOTYPE  LOCAL  DEFAULT    1 .L47
   163: 00401ff4     0 NOTYPE  LOCAL  DEFAULT    1 .L50
   164: 00401fde     0 NOTYPE  LOCAL  DEFAULT    1 .L51
   165: 00405ef0     0 NOTYPE  LOCAL  DEFAULT    2 .LC0
   166: 004020f4     0 NOTYPE  LOCAL  DEFAULT    1 .L54
   167: 00402098     0 NOTYPE  LOCAL  DEFAULT    1 .L55
   168: 0040218e     0 NOTYPE  LOCAL  DEFAULT    1 .L56
   169: 00402164     0 NOTYPE  LOCAL  DEFAULT    1 .L57
   170: 0040212e     0 NOTYPE  LOCAL  DEFAULT    1 .L58
   171: 00402248     0 NOTYPE  LOCAL  DEFAULT    1 .L59
   172: 004021b6     0 NOTYPE  LOCAL  DEFAULT    1 .L60
   173: 004021c2     0 NOTYPE  LOCAL  DEFAULT    1 .L70
   174: 00402196     0 NOTYPE  LOCAL  DEFAULT    1 .L63
   175: 004021c4     0 NOTYPE  LOCAL  DEFAULT    1 .L62
   176: 004021dc     0 NOTYPE  LOCAL  DEFAULT    1 .L64
   177: 00402222     0 NOTYPE  LOCAL  DEFAULT    1 .L65
   178: 004021ec     0 NOTYPE  LOCAL  DEFAULT    1 .L66
   179: 00402262     0 NOTYPE  LOCAL  DEFAULT    1 .L67
   180: 00402270     0 NOTYPE  LOCAL  DEFAULT    1 .L68
   181: 004022b2     0 NOTYPE  LOCAL  DEFAULT    1 .L72
   182: 004023fc     0 NOTYPE  LOCAL  DEFAULT    1 .L73
   183: 004022c4     0 NOTYPE  LOCAL  DEFAULT    1 .L74
   184: 004022cc     0 NOTYPE  LOCAL  DEFAULT    1 .L75
   185: 004023e2     0 NOTYPE  LOCAL  DEFAULT    1 .L76
   186: 0040231e     0 NOTYPE  LOCAL  DEFAULT    1 .L77
   187: 004023ac     0 NOTYPE  LOCAL  DEFAULT    1 .L78
   188: 00402362     0 NOTYPE  LOCAL  DEFAULT    1 .L79
   189: 004023a6     0 NOTYPE  LOCAL  DEFAULT    1 .L80
   190: 004022d8     0 NOTYPE  LOCAL  DEFAULT    1 .L81
   191: 0040242c     0 NOTYPE  LOCAL  DEFAULT    1 .L83
   192: 0040242e     0 NOTYPE  LOCAL  DEFAULT    1 .L84
   193: 00402476     0 NOTYPE  LOCAL  DEFAULT    1 .L86
   194: 00402462     0 NOTYPE  LOCAL  DEFAULT    1 .L87
   195: 00402458     0 NOTYPE  LOCAL  DEFAULT    1 .L88
   196: 00402450     0 NOTYPE  LOCAL  DEFAULT    1 .L89
   197: 004024ae     0 NOTYPE  LOCAL  DEFAULT    1 .L91
   198: 004024a4     0 NOTYPE  LOCAL  DEFAULT    1 .L92
   199: 00000000     0 FILE    LOCAL  DEFAULT  ABS serial.c
   200: 0040257e     0 NOTYPE  LOCAL  DEFAULT    1 .L4
   201: 004025dc     0 NOTYPE  LOCAL  DEFAULT    1 .L7
   202: 0040261e     0 NOTYPE  LOCAL  DEFAULT    1 .L10
   203: 0040268e     0 NOTYPE  LOCAL  DEFAULT    1 .L13
   204: 0040271c     0 NOTYPE  LOCAL  DEFAULT    1 .L16
   205: 00402812     0 NOTYPE  LOCAL  DEFAULT    1 .L21
   206: 00000000     0 FILE    LOCAL  DEFAULT  ABS interrupt.c
   207: 004028e2     0 NOTYPE  LOCAL  DEFAULT    1 .L2
   208: 004028cc     0 NOTYPE  LOCAL  DEFAULT    1 .L3
   209: 00402986     0 NOTYPE  LOCAL  DEFAULT    1 .L7
   210: 00000000     0 FILE    LOCAL  DEFAULT  ABS dram.c
   211: 00402af2     0 NOTYPE  LOCAL  DEFAULT    1 .L4
   212: 00402a4a     0 NOTYPE  LOCAL  DEFAULT    1 .L5
   213: 00405f01     0 NOTYPE  LOCAL  DEFAULT    2 .LC0
   214: 00405f04     0 NOTYPE  LOCAL  DEFAULT    2 .LC1
   215: 00405f07     0 NOTYPE  LOCAL  DEFAULT    2 .LC2
   216: 00402a26     0 NOTYPE  LOCAL  DEFAULT    1 .L6
   217: 00402b62     0 NOTYPE  LOCAL  DEFAULT    1 .L8
   218: 00402b3e     0 NOTYPE  LOCAL  DEFAULT    1 .L9
   219: 00000000     0 FILE    LOCAL  DEFAULT  ABS memory.c
   220: 00406034    24 OBJECT  LOCAL  DEFAULT    3 _s_Pool
   221: 00402dde   218 NOTYPE  LOCAL  DEFAULT    1 _memPoolInit
   222: 0040604c     4 OBJECT  LOCAL  DEFAULT    3 _pcArea___1146
   223: 00402c3c     0 NOTYPE  LOCAL  DEFAULT    1 .L2
   224: 00402c1a     0 NOTYPE  LOCAL  DEFAULT    1 .L3
   225: 00402d06     0 NOTYPE  LOCAL  DEFAULT    1 .L6
   226: 00402cfc     0 NOTYPE  LOCAL  DEFAULT    1 .L7
   227: 00402cb6     0 NOTYPE  LOCAL  DEFAULT    1 .L8
   228: 00402d18     0 NOTYPE  LOCAL  DEFAULT    1 .L9
   229: 00402c6c     0 NOTYPE  LOCAL  DEFAULT    1 .L10
   230: 00402dce     0 NOTYPE  LOCAL  DEFAULT    1 .L12
   231: 00402dc4     0 NOTYPE  LOCAL  DEFAULT    1 .L13
   232: 00402dba     0 NOTYPE  LOCAL  DEFAULT    1 .L14
   233: 00402dd2     0 NOTYPE  LOCAL  DEFAULT    1 .L11
   234: 00402d62     0 NOTYPE  LOCAL  DEFAULT    1 .L16
   235: 00402e94     0 NOTYPE  LOCAL  DEFAULT    1 .L18
   236: 00402e16     0 NOTYPE  LOCAL  DEFAULT    1 .L19
   237: 00000000     0 FILE    LOCAL  DEFAULT  ABS sl811.c
   238: 004062c8     4 OBJECT  LOCAL  DEFAULT    4 _usb
   239: 004062cc    48 OBJECT  LOCAL  DEFAULT    4 _sl811
   240: 00406050     8 OBJECT  LOCAL  DEFAULT    3 _devdesc
   241: 00406058     8 OBJECT  LOCAL  DEFAULT    3 _confdesc
   242: 00406060     8 OBJECT  LOCAL  DEFAULT    3 _setaddr
   243: 00406068     8 OBJECT  LOCAL  DEFAULT    3 _setconf
   244: 00406070     8 OBJECT  LOCAL  DEFAULT    3 _clrfeature
   245: 00402f5a   104 NOTYPE  LOCAL  DEFAULT    1 _SL811Read
   246: 00402fc2    96 NOTYPE  LOCAL  DEFAULT    1 _SL811Write
   247: 00403022   164 NOTYPE  LOCAL  DEFAULT    1 _SL811BufRead
   248: 004030c6   164 NOTYPE  LOCAL  DEFAULT    1 _SL811BufWrite
   249: 0040316a   270 NOTYPE  LOCAL  DEFAULT    1 _regTest
   250: 00403278    66 NOTYPE  LOCAL  DEFAULT    1 _USBStop
   251: 004032ba   136 NOTYPE  LOCAL  DEFAULT    1 _USBReset
   252: 00403342   508 NOTYPE  LOCAL  DEFAULT    1 _USBStart
   253: 0040353e  1314 NOTYPE  LOCAL  DEFAULT    1 _write_data
   254: 00403a60  2008 NOTYPE  LOCAL  DEFAULT    1 _read_data
   255: 00404238   434 NOTYPE  LOCAL  DEFAULT    1 _intr_data
   256: 004043ea   250 NOTYPE  LOCAL  DEFAULT    1 _get_info
   257: 004044e4   660 NOTYPE  LOCAL  DEFAULT    1 _dev_init1
   258: 00404778   316 NOTYPE  LOCAL  DEFAULT    1 _dev_init2
   259: 004048b4   610 NOTYPE  LOCAL  DEFAULT    1 _open_sl811
   260: 00404b16   270 NOTYPE  LOCAL  DEFAULT    1 _close_sl811
   261: 00404c24   194 NOTYPE  LOCAL  DEFAULT    1 _write_sl811
   262: 00404ce6   178 NOTYPE  LOCAL  DEFAULT    1 _read_sl811
   263: 00404d98   136 NOTYPE  LOCAL  DEFAULT    1 _seek_sl811
   264: 00404e20  1396 NOTYPE  LOCAL  DEFAULT    1 _ioctl_sl811
   265: 004062fc    36 OBJECT  LOCAL  DEFAULT    4 _func
   266: 00402f08     0 NOTYPE  LOCAL  DEFAULT    1 .L2
   267: 00402efa     0 NOTYPE  LOCAL  DEFAULT    1 .L3
   268: 00402ee2     0 NOTYPE  LOCAL  DEFAULT    1 .L4
   269: 00402f4a     0 NOTYPE  LOCAL  DEFAULT    1 .L5
   270: 00402f46     0 NOTYPE  LOCAL  DEFAULT    1 .L6
   271: 00402f34     0 NOTYPE  LOCAL  DEFAULT    1 .L7
   272: 00402f18     0 NOTYPE  LOCAL  DEFAULT    1 .L8
   273: 00402f4e     0 NOTYPE  LOCAL  DEFAULT    1 .L9
   274: 004030ba     0 NOTYPE  LOCAL  DEFAULT    1 .L19
   275: 0040309e     0 NOTYPE  LOCAL  DEFAULT    1 .L16
   276: 004030aa     0 NOTYPE  LOCAL  DEFAULT    1 .L17
   277: 0040306a     0 NOTYPE  LOCAL  DEFAULT    1 .L18
   278: 004030bc     0 NOTYPE  LOCAL  DEFAULT    1 .L13
   279: 0040315e     0 NOTYPE  LOCAL  DEFAULT    1 .L26
   280: 00403142     0 NOTYPE  LOCAL  DEFAULT    1 .L23
   281: 0040314e     0 NOTYPE  LOCAL  DEFAULT    1 .L24
   282: 0040310e     0 NOTYPE  LOCAL  DEFAULT    1 .L25
   283: 00403160     0 NOTYPE  LOCAL  DEFAULT    1 .L20
   284: 004031d0     0 NOTYPE  LOCAL  DEFAULT    1 .L28
   285: 0040318a     0 NOTYPE  LOCAL  DEFAULT    1 .L29
   286: 0040321a     0 NOTYPE  LOCAL  DEFAULT    1 .L30
   287: 00403210     0 NOTYPE  LOCAL  DEFAULT    1 .L31
   288: 004031e4     0 NOTYPE  LOCAL  DEFAULT    1 .L32
   289: 0040325c     0 NOTYPE  LOCAL  DEFAULT    1 .L33
   290: 0040322e     0 NOTYPE  LOCAL  DEFAULT    1 .L34
   291: 004033a4     0 NOTYPE  LOCAL  DEFAULT    1 .L40
   292: 0040338c     0 NOTYPE  LOCAL  DEFAULT    1 .L41
   293: 00403400     0 NOTYPE  LOCAL  DEFAULT    1 .L42
   294: 00403532     0 NOTYPE  LOCAL  DEFAULT    1 .L43
   295: 004034ce     0 NOTYPE  LOCAL  DEFAULT    1 .L44
   296: 004034c2     0 NOTYPE  LOCAL  DEFAULT    1 .L45
   297: 004034aa     0 NOTYPE  LOCAL  DEFAULT    1 .L46
   298: 00403522     0 NOTYPE  LOCAL  DEFAULT    1 .L47
   299: 00403578     0 NOTYPE  LOCAL  DEFAULT    1 .L49
   300: 004035ac     0 NOTYPE  LOCAL  DEFAULT    1 .L50
   301: 004035e6     0 NOTYPE  LOCAL  DEFAULT    1 .L51
   302: 004035e8     0 NOTYPE  LOCAL  DEFAULT    1 .L52
   303: 00403634     0 NOTYPE  LOCAL  DEFAULT    1 .L53
   304: 0040366e     0 NOTYPE  LOCAL  DEFAULT    1 .L54
   305: 00403670     0 NOTYPE  LOCAL  DEFAULT    1 .L55
   306: 004036a4     0 NOTYPE  LOCAL  DEFAULT    1 .L56
   307: 00403700     0 NOTYPE  LOCAL  DEFAULT    1 .L57
   308: 0040373a     0 NOTYPE  LOCAL  DEFAULT    1 .L58
   309: 0040398e     0 NOTYPE  LOCAL  DEFAULT    1 .L59
   310: 00403854     0 NOTYPE  LOCAL  DEFAULT    1 .L60
   311: 00403814     0 NOTYPE  LOCAL  DEFAULT    1 .L61
   312: 00403822     0 NOTYPE  LOCAL  DEFAULT    1 .L62
   313: 0040391e     0 NOTYPE  LOCAL  DEFAULT    1 .L63
   314: 004038e2     0 NOTYPE  LOCAL  DEFAULT    1 .L64
   315: 004038f0     0 NOTYPE  LOCAL  DEFAULT    1 .L65
   316: 0040396a     0 NOTYPE  LOCAL  DEFAULT    1 .L66
   317: 004039ba     0 NOTYPE  LOCAL  DEFAULT    1 .L78
   318: 0040397a     0 NOTYPE  LOCAL  DEFAULT    1 .L69
   319: 0040397e     0 NOTYPE  LOCAL  DEFAULT    1 .L70
   320: 00403748     0 NOTYPE  LOCAL  DEFAULT    1 .L71
   321: 004039bc     0 NOTYPE  LOCAL  DEFAULT    1 .L68
   322: 004039e2     0 NOTYPE  LOCAL  DEFAULT    1 .L72
   323: 00403a4a     0 NOTYPE  LOCAL  DEFAULT    1 .L73
   324: 00403a26     0 NOTYPE  LOCAL  DEFAULT    1 .L74
   325: 00403a28     0 NOTYPE  LOCAL  DEFAULT    1 .L75
   326: 00403a38     0 NOTYPE  LOCAL  DEFAULT    1 .L76
   327: 00403712     0 NOTYPE  LOCAL  DEFAULT    1 .L77
   328: 00403a9c     0 NOTYPE  LOCAL  DEFAULT    1 .L80
   329: 00403afa     0 NOTYPE  LOCAL  DEFAULT    1 .L81
   330: 00403afe     0 NOTYPE  LOCAL  DEFAULT    1 .L82
   331: 00403b14     0 NOTYPE  LOCAL  DEFAULT    1 .L83
   332: 00403b28     0 NOTYPE  LOCAL  DEFAULT    1 .L84
   333: 00403b76     0 NOTYPE  LOCAL  DEFAULT    1 .L85
   334: 00403c12     0 NOTYPE  LOCAL  DEFAULT    1 .L86
   335: 00404076     0 NOTYPE  LOCAL  DEFAULT    1 .L87
   336: 00403d40     0 NOTYPE  LOCAL  DEFAULT    1 .L88
   337: 00403cde     0 NOTYPE  LOCAL  DEFAULT    1 .L89
   338: 00403cfa     0 NOTYPE  LOCAL  DEFAULT    1 .L90
   339: 00403cf0     0 NOTYPE  LOCAL  DEFAULT    1 .L91
   340: 00403cf4     0 NOTYPE  LOCAL  DEFAULT    1 .L92
   341: 00403e02     0 NOTYPE  LOCAL  DEFAULT    1 .L93
   342: 00403da4     0 NOTYPE  LOCAL  DEFAULT    1 .L94
   343: 00403dc0     0 NOTYPE  LOCAL  DEFAULT    1 .L95
   344: 00403db6     0 NOTYPE  LOCAL  DEFAULT    1 .L96
   345: 00403dba     0 NOTYPE  LOCAL  DEFAULT    1 .L97
   346: 00403e46     0 NOTYPE  LOCAL  DEFAULT    1 .L98
   347: 00404222     0 NOTYPE  LOCAL  DEFAULT    1 .L99
   348: 00404086     0 NOTYPE  LOCAL  DEFAULT    1 .L118
   349: 00403e70     0 NOTYPE  LOCAL  DEFAULT    1 .L102
   350: 0040406c     0 NOTYPE  LOCAL  DEFAULT    1 .L103
   351: 0040408a     0 NOTYPE  LOCAL  DEFAULT    1 .L119
   352: 0040405e     0 NOTYPE  LOCAL  DEFAULT    1 .L105
   353: 00404060     0 NOTYPE  LOCAL  DEFAULT    1 .L106
   354: 00403c40     0 NOTYPE  LOCAL  DEFAULT    1 .L107
   355: 0040408c     0 NOTYPE  LOCAL  DEFAULT    1 .L101
   356: 004040a0     0 NOTYPE  LOCAL  DEFAULT    1 .L108
   357: 004040bc     0 NOTYPE  LOCAL  DEFAULT    1 .L109
   358: 00404114     0 NOTYPE  LOCAL  DEFAULT    1 .L110
   359: 0040416a     0 NOTYPE  LOCAL  DEFAULT    1 .L111
   360: 0040416c     0 NOTYPE  LOCAL  DEFAULT    1 .L112
   361: 0040417c     0 NOTYPE  LOCAL  DEFAULT    1 .L113
   362: 00404196     0 NOTYPE  LOCAL  DEFAULT    1 .L114
   363: 00403bea     0 NOTYPE  LOCAL  DEFAULT    1 .L115
   364: 00404214     0 NOTYPE  LOCAL  DEFAULT    1 .L116
   365: 004041f0     0 NOTYPE  LOCAL  DEFAULT    1 .L117
   366: 00404266     0 NOTYPE  LOCAL  DEFAULT    1 .L121
   367: 00404284     0 NOTYPE  LOCAL  DEFAULT    1 .L122
   368: 004043ca     0 NOTYPE  LOCAL  DEFAULT    1 .L123
   369: 004043c2     0 NOTYPE  LOCAL  DEFAULT    1 .L124
   370: 004043c4     0 NOTYPE  LOCAL  DEFAULT    1 .L125
   371: 004043d0     0 NOTYPE  LOCAL  DEFAULT    1 .L126
   372: 0040447a     0 NOTYPE  LOCAL  DEFAULT    1 .L129
   373: 004044d4     0 NOTYPE  LOCAL  DEFAULT    1 .L130
   374: 0040449e     0 NOTYPE  LOCAL  DEFAULT    1 .L131
   375: 004044c8     0 NOTYPE  LOCAL  DEFAULT    1 .L132
   376: 00404504     0 NOTYPE  LOCAL  DEFAULT    1 .L134
   377: 00404610     0 NOTYPE  LOCAL  DEFAULT    1 .L135
   378: 0040461c     0 NOTYPE  LOCAL  DEFAULT    1 .L146
   379: 00404566     0 NOTYPE  LOCAL  DEFAULT    1 .L138
   380: 0040461e     0 NOTYPE  LOCAL  DEFAULT    1 .L137
   381: 0040462e     0 NOTYPE  LOCAL  DEFAULT    1 .L139
   382: 00404766     0 NOTYPE  LOCAL  DEFAULT    1 .L145
   383: 00404662     0 NOTYPE  LOCAL  DEFAULT    1 .L141
   384: 00404676     0 NOTYPE  LOCAL  DEFAULT    1 .L142
   385: 004046fa     0 NOTYPE  LOCAL  DEFAULT    1 .L143
   386: 0040471e     0 NOTYPE  LOCAL  DEFAULT    1 .L144
   387: 004048d8     0 NOTYPE  LOCAL  DEFAULT    1 .L149
   388: 004048f4     0 NOTYPE  LOCAL  DEFAULT    1 .L150
   389: 00404b06     0 NOTYPE  LOCAL  DEFAULT    1 .L151
   390: 0040493c     0 NOTYPE  LOCAL  DEFAULT    1 .L152
   391: 00404aac     0 NOTYPE  LOCAL  DEFAULT    1 .L153
   392: 00404a56     0 NOTYPE  LOCAL  DEFAULT    1 .L154
   393: 0040495a     0 NOTYPE  LOCAL  DEFAULT    1 .L155
   394: 00404aa6     0 NOTYPE  LOCAL  DEFAULT    1 .L156
   395: 00404ad4     0 NOTYPE  LOCAL  DEFAULT    1 .L157
   396: 00404ae2     0 NOTYPE  LOCAL  DEFAULT    1 .L158
   397: 00404afa     0 NOTYPE  LOCAL  DEFAULT    1 .L159
   398: 00404b38     0 NOTYPE  LOCAL  DEFAULT    1 .L161
   399: 00404b40     0 NOTYPE  LOCAL  DEFAULT    1 .L162
   400: 00404c16     0 NOTYPE  LOCAL  DEFAULT    1 .L163
   401: 00404b6a     0 NOTYPE  LOCAL  DEFAULT    1 .L164
   402: 00404c14     0 NOTYPE  LOCAL  DEFAULT    1 .L165
   403: 00404c08     0 NOTYPE  LOCAL  DEFAULT    1 .L166
   404: 00404c54     0 NOTYPE  LOCAL  DEFAULT    1 .L168
   405: 00404c5c     0 NOTYPE  LOCAL  DEFAULT    1 .L169
   406: 00404cd6     0 NOTYPE  LOCAL  DEFAULT    1 .L170
   407: 00404c84     0 NOTYPE  LOCAL  DEFAULT    1 .L171
   408: 00404cb0     0 NOTYPE  LOCAL  DEFAULT    1 .L172
   409: 00404d16     0 NOTYPE  LOCAL  DEFAULT    1 .L174
   410: 00404d1c     0 NOTYPE  LOCAL  DEFAULT    1 .L175
   411: 00404d88     0 NOTYPE  LOCAL  DEFAULT    1 .L176
   412: 00404d44     0 NOTYPE  LOCAL  DEFAULT    1 .L177
   413: 00404d70     0 NOTYPE  LOCAL  DEFAULT    1 .L178
   414: 00404dbe     0 NOTYPE  LOCAL  DEFAULT    1 .L180
   415: 00404dc4     0 NOTYPE  LOCAL  DEFAULT    1 .L181
   416: 00404e12     0 NOTYPE  LOCAL  DEFAULT    1 .L182
   417: 00404dec     0 NOTYPE  LOCAL  DEFAULT    1 .L183
   418: 00404e12     0 NOTYPE  LOCAL  DEFAULT    1 .L179
   419: 00404e52     0 NOTYPE  LOCAL  DEFAULT    1 .L185
   420: 00404e64     0 NOTYPE  LOCAL  DEFAULT    1 .L186
   421: 00405f09     0 NOTYPE  LOCAL  DEFAULT    2 .LC0
   422: 0040537e     0 NOTYPE  LOCAL  DEFAULT    1 .L222
   423: 00404e98     0 NOTYPE  LOCAL  DEFAULT    1 .L188
   424: 00405f11     0 NOTYPE  LOCAL  DEFAULT    2 .LC1
   425: 00405364     0 NOTYPE  LOCAL  DEFAULT    1 .L224
   426: 00404efe     0 NOTYPE  LOCAL  DEFAULT    1 .L207
   427: 00404f94     0 NOTYPE  LOCAL  DEFAULT    1 .L193
   428: 00404eda     0 NOTYPE  LOCAL  DEFAULT    1 .L208
   429: 00404f44     0 NOTYPE  LOCAL  DEFAULT    1 .L191
   430: 00404f74     0 NOTYPE  LOCAL  DEFAULT    1 .L192
   431: 00405368     0 NOTYPE  LOCAL  DEFAULT    1 .L225
   432: 0040535a     0 NOTYPE  LOCAL  DEFAULT    1 .L189
   433: 0040507a     0 NOTYPE  LOCAL  DEFAULT    1 .L195
   434: 0040505e     0 NOTYPE  LOCAL  DEFAULT    1 .L194
   435: 00404fe0     0 NOTYPE  LOCAL  DEFAULT    1 .L196
   436: 00405142     0 NOTYPE  LOCAL  DEFAULT    1 .L197
   437: 00405334     0 NOTYPE  LOCAL  DEFAULT    1 .L202
   438: 00404f20     0 NOTYPE  LOCAL  DEFAULT    1 .L209
   439: 004051f6     0 NOTYPE  LOCAL  DEFAULT    1 .L200
   440: 0040530e     0 NOTYPE  LOCAL  DEFAULT    1 .L201
   441: 0040515e     0 NOTYPE  LOCAL  DEFAULT    1 .L223
   442: 004051ce     0 NOTYPE  LOCAL  DEFAULT    1 .L204
   443: 00404fba     0 NOTYPE  LOCAL  DEFAULT    1 .L203
   444: 00405196     0 NOTYPE  LOCAL  DEFAULT    1 .L205
   445: 004052c4     0 NOTYPE  LOCAL  DEFAULT    1 .L206
   446: 00404f50     0 NOTYPE  LOCAL  DEFAULT    1 .L211
   447: 0040537a     0 NOTYPE  LOCAL  DEFAULT    1 .L210
   448: 00404f80     0 NOTYPE  LOCAL  DEFAULT    1 .L212
   449: 0040536c     0 NOTYPE  LOCAL  DEFAULT    1 .L226
   450: 00405370     0 NOTYPE  LOCAL  DEFAULT    1 .L227
   451: 00405374     0 NOTYPE  LOCAL  DEFAULT    1 .L228
   452: 0040514e     0 NOTYPE  LOCAL  DEFAULT    1 .L216
   453: 0040518a     0 NOTYPE  LOCAL  DEFAULT    1 .L217
   454: 0040518e     0 NOTYPE  LOCAL  DEFAULT    1 .L218
   455: 004051c2     0 NOTYPE  LOCAL  DEFAULT    1 .L219
   456: 004051c6     0 NOTYPE  LOCAL  DEFAULT    1 .L220
   457: 00405378     0 NOTYPE  LOCAL  DEFAULT    1 .L229
   458: 0040558a     0 NOTYPE  LOCAL  DEFAULT    1 .L231
   459: 0040547e     0 NOTYPE  LOCAL  DEFAULT    1 .L232
   460: 004054ca     0 NOTYPE  LOCAL  DEFAULT    1 .L233
   461: 0040552a     0 NOTYPE  LOCAL  DEFAULT    1 .L234
   462: 0040555a     0 NOTYPE  LOCAL  DEFAULT    1 .L235
   463: 00405566     0 NOTYPE  LOCAL  DEFAULT    1 .L236
   464: 0040546a     0 NOTYPE  LOCAL  DEFAULT    1 .L237
   465: 00405f1a     0 NOTYPE  LOCAL  DEFAULT    2 .LC2
   466: 00405694     0 NOTYPE  LOCAL  DEFAULT    1 .L239
   467: 00405f27     0 NOTYPE  LOCAL  DEFAULT    2 .LC3
   468: 00405692     0 NOTYPE  LOCAL  DEFAULT    1 .L240
   469: 004056d2     0 NOTYPE  LOCAL  DEFAULT    1 .L241
   470: 00405f37     0 NOTYPE  LOCAL  DEFAULT    2 .LC4
   471: 004056d0     0 NOTYPE  LOCAL  DEFAULT    1 .L242
   472: 00405f4a     0 NOTYPE  LOCAL  DEFAULT    2 .LC5
   473: 00405f65     0 NOTYPE  LOCAL  DEFAULT    2 .LC6
   474: 00405f67     0 NOTYPE  LOCAL  DEFAULT    2 .LC7
   475: 004057a8     0 NOTYPE  LOCAL  DEFAULT    1 .L243
   476: 0040577e     0 NOTYPE  LOCAL  DEFAULT    1 .L244
   477: 0040581a     0 NOTYPE  LOCAL  DEFAULT    1 .L245
   478: 00405f77     0 NOTYPE  LOCAL  DEFAULT    2 .LC8
   479: 00405864     0 NOTYPE  LOCAL  DEFAULT    1 .L246
   480: 0040583a     0 NOTYPE  LOCAL  DEFAULT    1 .L247
   481: 004059c4     0 NOTYPE  LOCAL  DEFAULT    1 .L248
   482: 00405f8e     0 NOTYPE  LOCAL  DEFAULT    2 .LC9
   483: 0040590a     0 NOTYPE  LOCAL  DEFAULT    1 .L249
   484: 004058e0     0 NOTYPE  LOCAL  DEFAULT    1 .L250
   485: 00405f9e     0 NOTYPE  LOCAL  DEFAULT    2 .LC10
   486: 004059aa     0 NOTYPE  LOCAL  DEFAULT    1 .L251
   487: 00405988     0 NOTYPE  LOCAL  DEFAULT    1 .L252
   488: 00405fa1     0 NOTYPE  LOCAL  DEFAULT    2 .LC11
   489: 00405fa3     0 NOTYPE  LOCAL  DEFAULT    2 .LC12
   490: 00405a84     0 NOTYPE  LOCAL  DEFAULT    1 .L253
   491: 00405a5a     0 NOTYPE  LOCAL  DEFAULT    1 .L254
   492: 00405b9c     0 NOTYPE  LOCAL  DEFAULT    1 .L255
   493: 00405bac     0 NOTYPE  LOCAL  DEFAULT    1 .L261
   494: 00405fb6     0 NOTYPE  LOCAL  DEFAULT    2 .LC13
   495: 00405b88     0 NOTYPE  LOCAL  DEFAULT    1 .L258
   496: 00405b5e     0 NOTYPE  LOCAL  DEFAULT    1 .L259
   497: 00405ac6     0 NOTYPE  LOCAL  DEFAULT    1 .L260
   498: 00405bae     0 NOTYPE  LOCAL  DEFAULT    1 .L257
   499: 00405fca     0 NOTYPE  LOCAL  DEFAULT    2 .LC14
   500: 00405fdf     0 NOTYPE  LOCAL  DEFAULT    2 .LC15
   501: 00405fe7     0 NOTYPE  LOCAL  DEFAULT    2 .LC16
   502: 00405ff0     0 NOTYPE  LOCAL  DEFAULT    2 .LC17
   503: 00405ff7     0 NOTYPE  LOCAL  DEFAULT    2 .LC18
   504: 00405ffc     0 NOTYPE  LOCAL  DEFAULT    2 .LC19
   505: 00000000     0 FILE    LOCAL  DEFAULT  ABS command.c
   506: 00406320     4 OBJECT  LOCAL  DEFAULT    4 _pFuncEntry
   507: 00405c74    98 NOTYPE  LOCAL  DEFAULT    1 _sendUse
   508: 00405cd6   140 NOTYPE  LOCAL  DEFAULT    1 _sendWrite
   509: 00406003     0 NOTYPE  LOCAL  DEFAULT    2 .LC0
   510: 00406009     0 NOTYPE  LOCAL  DEFAULT    2 .LC1
   511: 00405df6     0 NOTYPE  LOCAL  DEFAULT    1 .L6
   512: 0040600e     0 NOTYPE  LOCAL  DEFAULT    2 .LC2
   513: 00405e54     0 NOTYPE  LOCAL  DEFAULT    1 .L7
   514: 00406010     0 NOTYPE  LOCAL  DEFAULT    2 .LC3
   515: 00405e1a     0 NOTYPE  LOCAL  DEFAULT    1 .L8
   516: 00406014     0 NOTYPE  LOCAL  DEFAULT    2 .LC4
   517: 00405e4a     0 NOTYPE  LOCAL  DEFAULT    1 .L9
   518: 00406019     0 NOTYPE  LOCAL  DEFAULT    2 .LC5
   519: 00405d8c     0 NOTYPE  LOCAL  DEFAULT    1 .L10
   520: 00400100     0 NOTYPE  GLOBAL DEFAULT    1 _text_top
   521: 00405d62   258 NOTYPE  GLOBAL DEFAULT    1 _command_main
   522: 00405e64     0 NOTYPE  GLOBAL DEFAULT    2 _rodata_top
   523: 0040034c    70 NOTYPE  GLOBAL DEFAULT    1 _kzSyscall
   524: 00406078     0 NOTYPE  GLOBAL DEFAULT    3 _data_btm
   525: 004029f2   284 NOTYPE  GLOBAL DEFAULT    1 _dramCheck01
   526: 004024c6   114 NOTYPE  GLOBAL DEFAULT    1 _srlInit
   527: 00401d98   146 NOTYPE  GLOBAL DEFAULT    1 _strcmp
   528: 004027c6    94 NOTYPE  GLOBAL DEFAULT    1 _srlIntrIsRecvEnable
   529: 0040113a   124 NOTYPE  GLOBAL DEFAULT    1 _kzRun
   530: 004055c8  1708 NOTYPE  GLOBAL DEFAULT    1 _usb_main
   531: 0040126e    50 NOTYPE  GLOBAL DEFAULT    1 _kzGetId
   532: 0040131a    66 NOTYPE  GLOBAL DEFAULT    1 _kzMfree
   533: 00406324     4 OBJECT  GLOBAL DEFAULT    4 _test09_3_id
   534: 0040122c    66 NOTYPE  GLOBAL DEFAULT    1 _kzWakeup
   535: 00401ede    88 NOTYPE  GLOBAL DEFAULT    1 _putc
   536: 004026d6    88 NOTYPE  GLOBAL DEFAULT    1 _srlIntrIsSendEnable
   537: 004011fc    48 NOTYPE  GLOBAL DEFAULT    1 _kzSleep
   538: 00401f8c    58 NOTYPE  GLOBAL DEFAULT    1 _getc
   539: 00406078     0 NOTYPE  GLOBAL DEFAULT    4 _bss_top
   540: 00401f36    86 NOTYPE  GLOBAL DEFAULT    1 _puts
   541: 00400000     0 NOTYPE  GLOBAL DEFAULT    1 _softvec
   542: 0040010c     0 FUNC    GLOBAL DEFAULT    1 _dispatch
   543: 00402280   394 NOTYPE  GLOBAL DEFAULT    1 _asc2hex
   544: 00401582   186 NOTYPE  GLOBAL DEFAULT    1 _consdrv_main
   545: 00401528    90 NOTYPE  GLOBAL DEFAULT    1 _srvSend
   546: 00406024     0 NOTYPE  GLOBAL DEFAULT    3 _data_top
   547: 0040272e    76 NOTYPE  GLOBAL DEFAULT    1 _srlIntrSetSendEnable
   548: 004012a0    60 NOTYPE  GLOBAL DEFAULT    1 _kzChgPri
   549: 004025ee   116 NOTYPE  GLOBAL DEFAULT    1 _srlSendByte
   550: 00406334     0 NOTYPE  GLOBAL DEFAULT    5 _freearea
   551: 004028f8    62 NOTYPE  GLOBAL DEFAULT    1 _svSetHandler
   552: 00401fc6   102 NOTYPE  GLOBAL DEFAULT    1 _gets
   553: 00401466    66 NOTYPE  GLOBAL DEFAULT    1 _srvWakeup
   554: 00402d26   184 NOTYPE  GLOBAL DEFAULT    1 _kzFree
   555: 00406334     0 NOTYPE  GLOBAL DEFAULT    4 _bss_btm
   556: 00401b74   154 NOTYPE  GLOBAL DEFAULT    1 _memcpy
   557: 00405394   564 NOTYPE  GLOBAL DEFAULT    1 _get_desc
   558: 00401aee   134 NOTYPE  GLOBAL DEFAULT    1 _memset
   559: 00402662   116 NOTYPE  GLOBAL DEFAULT    1 _srlRecvByte
   560: 00501000     0 NOTYPE  GLOBAL DEFAULT    5 _bootstack
   561: 00402c52   212 NOTYPE  GLOBAL DEFAULT    1 _kzAlloc
   562: 00405e64     0 NOTYPE  GLOBAL DEFAULT    1 _text_btm
   563: 00406328     4 OBJECT  GLOBAL DEFAULT    4 _test09_2_id
   564: 00402936    92 NOTYPE  GLOBAL DEFAULT    1 _svInterrupt
   565: 00400100     0 FUNC    GLOBAL DEFAULT    1 _start
   566: 00402824    76 NOTYPE  GLOBAL DEFAULT    1 _srlIntrSetRecvEnable
   567: 00402870    76 NOTYPE  GLOBAL DEFAULT    1 _srlIntrSetRecvDisable
   568: 00402538    88 NOTYPE  GLOBAL DEFAULT    1 _srlIsSendEnable
   569: 00402c0a    72 NOTYPE  GLOBAL DEFAULT    1 _kzMemInit
   570: 00502000     0 NOTYPE  GLOBAL DEFAULT    5 _intrstack
   571: 0040277a    76 NOTYPE  GLOBAL DEFAULT    1 _srlIntrSetSendDisable
   572: 00402b0e   252 NOTYPE  GLOBAL DEFAULT    1 _dramCheck02
   573: 00400392    50 NOTYPE  GLOBAL DEFAULT    1 _kzSrvcall
   574: 004014e6    66 NOTYPE  GLOBAL DEFAULT    1 _srvMfree
   575: 00401d0a   142 NOTYPE  GLOBAL DEFAULT    1 _strcpy
   576: 00401c0e   160 NOTYPE  GLOBAL DEFAULT    1 _memcmp
   577: 00406023     0 NOTYPE  GLOBAL DEFAULT    2 _rodata_btm
   578: 00500000     0 NOTYPE  GLOBAL DEFAULT    5 _userstack
   579: 0040033a    18 NOTYPE  GLOBAL DEFAULT    1 _kzSysdown
   580: 0040202c   596 NOTYPE  GLOBAL DEFAULT    1 _printhex
   581: 0040135c    90 NOTYPE  GLOBAL DEFAULT    1 _kzSend
   582: 004014a8    62 NOTYPE  GLOBAL DEFAULT    1 _srvMalloc
   583: 00402438    84 NOTYPE  GLOBAL DEFAULT    1 _waitms
   584: 0040632c     4 OBJECT  GLOBAL DEFAULT    4 _ppcOsEntryFp
   585: 00406028    12 OBJECT  GLOBAL DEFAULT    3 _s_pSciRegs
   586: 00401e2a   180 NOTYPE  GLOBAL DEFAULT    1 _strncmp
   587: 00406330     4 OBJECT  GLOBAL DEFAULT    4 _test09_1_id
   588: 00406334     0 NOTYPE  GLOBAL DEFAULT  ABS _end
   589: 0040240a    46 NOTYPE  GLOBAL DEFAULT    1 _isdigit
   590: 004013b6    98 NOTYPE  GLOBAL DEFAULT    1 _kzRecv
   591: 00401418    78 NOTYPE  GLOBAL DEFAULT    1 _kzSetIntr
   592: 00401cae    92 NOTYPE  GLOBAL DEFAULT    1 _strlen
   593: 004012dc    62 NOTYPE  GLOBAL DEFAULT    1 _kzMalloc
   594: 004011cc    48 NOTYPE  GLOBAL DEFAULT    1 _kzWait
   595: 0040248c    58 NOTYPE  GLOBAL DEFAULT    1 _waitus
   596: 004011b6    22 NOTYPE  GLOBAL DEFAULT    1 _kzExit
   597: 00402590    94 NOTYPE  GLOBAL DEFAULT    1 _srlIsRecvEnable
   598: 00402992    96 NOTYPE  GLOBAL DEFAULT    1 _dramInit
   599: 00402eb8   162 NOTYPE  GLOBAL DEFAULT    1 ___mulsi3
   600: 0040012e   118 NOTYPE  GLOBAL DEFAULT    1 _main
   601: 004028bc    60 NOTYPE  GLOBAL DEFAULT    1 _svInit
   602: 00400246   244 NOTYPE  GLOBAL DEFAULT    1 _kzStart

No version information found in this file.
