
Allocating common symbols
Common symbol       size              file

test09_3_id         0x4               main.o
test09_2_id         0x4               main.o
ppcOsEntryFp        0x4               main.o
test09_1_id         0x4               main.o

Memory Configuration

Name             Origin             Length             Attributes
dramall          0x00400000         0x00200000         xrw
dram             0x00400100         0x00100000         xrw
ramall           0x00ffbf20         0x00004000         xrw
softvec          0x00400000         0x00000040         rw
ram              0x00ffc020         0x00003f00         xrw
userstack        0x00500000         0x00001000         rw
bootstack        0x00501000         0x00001000         rw
intrstack        0x00502000         0x00001000         rw
*default*        0x00000000         0xffffffff

Linker script and memory map

LOAD startup.o
LOAD main.o
LOAD kozos.o
LOAD syscall.o
LOAD consdrv.o
LOAD lib.o
LOAD serial.o
LOAD interrupt.o
LOAD dram.o
LOAD memory.o
LOAD sl811.o
LOAD command.o
                0x00000000                . = ALIGN (0x4)

.softvec        0x00400000        0x0
                0x00400000                _softvec = .

.text           0x00400100     0x5d64
                0x00400100                _text_top = .
 *(.text)
 .text          0x00400100       0x2e startup.o
                0x00400100                _start
                0x0040010c                _dispatch
 .text          0x0040012e      0x118 main.o
                0x0040012e                _main
 .text          0x00400246      0xef4 kozos.o
                0x00400246                _kzStart
                0x0040033a                _kzSysdown
                0x0040034c                _kzSyscall
                0x00400392                _kzSrvcall
 .text          0x0040113a      0x448 syscall.o
                0x0040113a                _kzRun
                0x004011b6                _kzExit
                0x004011cc                _kzWait
                0x004011fc                _kzSleep
                0x0040122c                _kzWakeup
                0x0040126e                _kzGetId
                0x004012a0                _kzChgPri
                0x004012dc                _kzMalloc
                0x0040131a                _kzMfree
                0x0040135c                _kzSend
                0x004013b6                _kzRecv
                0x00401418                _kzSetIntr
                0x00401466                _srvWakeup
                0x004014a8                _srvMalloc
                0x004014e6                _srvMfree
                0x00401528                _srvSend
 .text          0x00401582      0x56c consdrv.o
                0x00401582                _consdrv_main
 .text          0x00401aee      0x9d8 lib.o
                0x00401aee                _memset
                0x00401b74                _memcpy
                0x00401c0e                _memcmp
                0x00401cae                _strlen
                0x00401d0a                _strcpy
                0x00401d98                _strcmp
                0x00401e2a                _strncmp
                0x00401ede                _putc
                0x00401f36                _puts
                0x00401f8c                _getc
                0x00401fc6                _gets
                0x0040202c                _printhex
                0x00402280                _asc2hex
                0x0040240a                _isdigit
                0x00402438                _waitms
                0x0040248c                _waitus
 .text          0x004024c6      0x3f6 serial.o
                0x004024c6                _srlInit
                0x00402538                _srlIsSendEnable
                0x00402590                _srlIsRecvEnable
                0x004025ee                _srlSendByte
                0x00402662                _srlRecvByte
                0x004026d6                _srlIntrIsSendEnable
                0x0040272e                _srlIntrSetSendEnable
                0x0040277a                _srlIntrSetSendDisable
                0x004027c6                _srlIntrIsRecvEnable
                0x00402824                _srlIntrSetRecvEnable
                0x00402870                _srlIntrSetRecvDisable
 .text          0x004028bc       0xd6 interrupt.o
                0x004028bc                _svInit
                0x004028f8                _svSetHandler
                0x00402936                _svInterrupt
 .text          0x00402992      0x278 dram.o
                0x00402992                _dramInit
                0x004029f2                _dramCheck01
                0x00402b0e                _dramCheck02
 .text          0x00402c0a      0x2ae memory.o
                0x00402c0a                _kzMemInit
                0x00402c52                _kzAlloc
                0x00402d26                _kzFree
 .text          0x00402eb8     0x2dbc sl811.o
                0x00402eb8                ___mulsi3
                0x00405394                _get_desc
                0x004055c8                _usb_main
 .text          0x00405c74      0x1f0 command.o
                0x00405d62                _command_main
                0x00405e64                _text_btm = .

.rodata         0x00405e64      0x1bf
                0x00405e64                _rodata_top = .
 *(.strings)
 *(.rodata)
 .rodata        0x00405e64       0x38 main.o
 .rodata        0x00405e9c       0x54 kozos.o
 .rodata        0x00405ef0       0x11 lib.o
 .rodata        0x00405f01        0x8 dram.o
 .rodata        0x00405f09       0xfa sl811.o
 .rodata        0x00406003       0x20 command.o
 *(.rodata.*)
                0x00406023                _rodata_btm = .

.data           0x00406024       0x54
                0x00406024                _data_top = .
 *(.data)
 .data          0x00406024        0x0 startup.o
 .data          0x00406024        0x0 main.o
 .data          0x00406024        0x4 kozos.o
 .data          0x00406028        0x0 syscall.o
 .data          0x00406028        0x0 consdrv.o
 .data          0x00406028        0x0 lib.o
 .data          0x00406028        0xc serial.o
                0x00406028                _s_pSciRegs
 .data          0x00406034        0x0 interrupt.o
 .data          0x00406034        0x0 dram.o
 .data          0x00406034       0x1c memory.o
 .data          0x00406050       0x28 sl811.o
 .data          0x00406078        0x0 command.o
                0x00406078                _data_btm = .

.bss            0x00406078      0x2bc
                0x00406078                _bss_top = .
 *(.bss)
 .bss           0x00406078        0x0 startup.o
 .bss           0x00406078        0x0 main.o
 .bss           0x00406078      0x230 kozos.o
 .bss           0x004062a8        0x0 syscall.o
 .bss           0x004062a8       0x20 consdrv.o
 .bss           0x004062c8        0x0 lib.o
 .bss           0x004062c8        0x0 serial.o
 .bss           0x004062c8        0x0 interrupt.o
 .bss           0x004062c8        0x0 dram.o
 .bss           0x004062c8        0x0 memory.o
 .bss           0x004062c8       0x58 sl811.o
 .bss           0x00406320        0x4 command.o
 *(COMMON)
 COMMON         0x00406324       0x10 main.o
                0x00406324                _test09_3_id
                0x00406328                _test09_2_id
                0x0040632c                _ppcOsEntryFp
                0x00406330                _test09_1_id
                0x00406334                _bss_btm = .
                0x00406334                . = ALIGN (0x4)
                0x00406334                _end = .

.freearea       0x00406334        0x0
                0x00406334                _freearea = .

.userstack      0x00500000        0x0
                0x00500000                _userstack = .

.bootstack      0x00501000        0x0
                0x00501000                _bootstack = .

.intrstack      0x00502000        0x0
                0x00502000                _intrstack = .
OUTPUT(kozos elf32-h8300)

.comment        0x00000000       0x1c
 .comment       0x00000000       0x1c main.o
                                 0x1d (size before relaxing)
 .comment       0x00000000       0x1d kozos.o
 .comment       0x00000000       0x1d syscall.o
 .comment       0x00000000       0x1d consdrv.o
 .comment       0x00000000       0x1d lib.o
 .comment       0x00000000       0x1d serial.o
 .comment       0x00000000       0x1d interrupt.o
 .comment       0x00000000       0x1d dram.o
 .comment       0x00000000       0x1d memory.o
 .comment       0x00000000       0x1d sl811.o
 .comment       0x00000000       0x1d command.o
